Archive member included because of file (symbol)

C:\Users\Mike\AppData\Local\V.Micro\Arduino\Builds\pool_monitor\arduino-mkr1000_arduino-mkr1000_samd_mkr1000/core.a(cortex_handlers.c.o)
                              (Reset_Handler)
C:\Users\Mike\AppData\Local\V.Micro\Arduino\Builds\pool_monitor\arduino-mkr1000_arduino-mkr1000_samd_mkr1000/core.a(delay.c.o)
                              C:\Users\Mike\AppData\Local\V.Micro\Arduino\Builds\pool_monitor\arduino-mkr1000_arduino-mkr1000_samd_mkr1000\WiFi101-0.8.0\WiFi.cpp.o (millis)
C:\Users\Mike\AppData\Local\V.Micro\Arduino\Builds\pool_monitor\arduino-mkr1000_arduino-mkr1000_samd_mkr1000/core.a(hooks.c.o)
                              C:\Users\Mike\AppData\Local\V.Micro\Arduino\Builds\pool_monitor\arduino-mkr1000_arduino-mkr1000_samd_mkr1000/core.a(delay.c.o) (yield)
C:\Users\Mike\AppData\Local\V.Micro\Arduino\Builds\pool_monitor\arduino-mkr1000_arduino-mkr1000_samd_mkr1000/core.a(startup.c.o)
                              C:\Users\Mike\AppData\Local\V.Micro\Arduino\Builds\pool_monitor\arduino-mkr1000_arduino-mkr1000_samd_mkr1000/core.a(cortex_handlers.c.o) (SystemInit)
C:\Users\Mike\AppData\Local\V.Micro\Arduino\Builds\pool_monitor\arduino-mkr1000_arduino-mkr1000_samd_mkr1000/core.a(WInterrupts.c.o)
                              C:\Users\Mike\AppData\Local\V.Micro\Arduino\Builds\pool_monitor\arduino-mkr1000_arduino-mkr1000_samd_mkr1000\WiFi101-0.8.0\bsp\source\nm_bsp_arduino.c.o (attachInterrupt)
C:\Users\Mike\AppData\Local\V.Micro\Arduino\Builds\pool_monitor\arduino-mkr1000_arduino-mkr1000_samd_mkr1000/core.a(wiring.c.o)
                              C:\Users\Mike\AppData\Local\V.Micro\Arduino\Builds\pool_monitor\arduino-mkr1000_arduino-mkr1000_samd_mkr1000/core.a(startup.c.o) (SystemCoreClock)
C:\Users\Mike\AppData\Local\V.Micro\Arduino\Builds\pool_monitor\arduino-mkr1000_arduino-mkr1000_samd_mkr1000/core.a(wiring_analog.c.o)
                              C:\Users\Mike\AppData\Local\V.Micro\Arduino\Builds\pool_monitor\arduino-mkr1000_arduino-mkr1000_samd_mkr1000\pool_monitor.cpp.o (analogReadResolution)
C:\Users\Mike\AppData\Local\V.Micro\Arduino\Builds\pool_monitor\arduino-mkr1000_arduino-mkr1000_samd_mkr1000/core.a(wiring_digital.c.o)
                              C:\Users\Mike\AppData\Local\V.Micro\Arduino\Builds\pool_monitor\arduino-mkr1000_arduino-mkr1000_samd_mkr1000\pool_monitor.cpp.o (pinMode)
C:\Users\Mike\AppData\Local\V.Micro\Arduino\Builds\pool_monitor\arduino-mkr1000_arduino-mkr1000_samd_mkr1000/core.a(wiring_private.c.o)
                              C:\Users\Mike\AppData\Local\V.Micro\Arduino\Builds\pool_monitor\arduino-mkr1000_arduino-mkr1000_samd_mkr1000\SPI\SPI.cpp.o (pinPeripheral)
C:\Users\Mike\AppData\Local\V.Micro\Arduino\Builds\pool_monitor\arduino-mkr1000_arduino-mkr1000_samd_mkr1000/core.a(abi.cpp.o)
                              C:\Users\Mike\AppData\Local\V.Micro\Arduino\Builds\pool_monitor\arduino-mkr1000_arduino-mkr1000_samd_mkr1000\WiFi101-0.8.0\WiFiClient.cpp.o (__cxa_pure_virtual)
C:\Users\Mike\AppData\Local\V.Micro\Arduino\Builds\pool_monitor\arduino-mkr1000_arduino-mkr1000_samd_mkr1000/core.a(IPAddress.cpp.o)
                              C:\Users\Mike\AppData\Local\V.Micro\Arduino\Builds\pool_monitor\arduino-mkr1000_arduino-mkr1000_samd_mkr1000\pool_monitor.cpp.o (IPAddress::IPAddress())
C:\Users\Mike\AppData\Local\V.Micro\Arduino\Builds\pool_monitor\arduino-mkr1000_arduino-mkr1000_samd_mkr1000/core.a(main.cpp.o)
                              c:/users/mike/appdata/local/arduino15/packages/arduino-mkr1000/tools/arm-none-eabi-gcc/4.8.3-2014q1/bin/../lib/gcc/arm-none-eabi/4.8.3/../../../../arm-none-eabi/lib/armv6-m/crt0.o (main)
C:\Users\Mike\AppData\Local\V.Micro\Arduino\Builds\pool_monitor\arduino-mkr1000_arduino-mkr1000_samd_mkr1000/core.a(Print.cpp.o)
                              C:\Users\Mike\AppData\Local\V.Micro\Arduino\Builds\pool_monitor\arduino-mkr1000_arduino-mkr1000_samd_mkr1000\WiFi101-0.8.0\WiFiClient.cpp.o (Print::write(unsigned char const*, unsigned int))
C:\Users\Mike\AppData\Local\V.Micro\Arduino\Builds\pool_monitor\arduino-mkr1000_arduino-mkr1000_samd_mkr1000/core.a(Reset.cpp.o)
                              C:\Users\Mike\AppData\Local\V.Micro\Arduino\Builds\pool_monitor\arduino-mkr1000_arduino-mkr1000_samd_mkr1000/core.a(delay.c.o) (tickReset)
C:\Users\Mike\AppData\Local\V.Micro\Arduino\Builds\pool_monitor\arduino-mkr1000_arduino-mkr1000_samd_mkr1000/core.a(RingBuffer.cpp.o)
                              C:\Users\Mike\AppData\Local\V.Micro\Arduino\Builds\pool_monitor\arduino-mkr1000_arduino-mkr1000_samd_mkr1000\Wire\Wire.cpp.o (RingBuffer::RingBuffer())
C:\Users\Mike\AppData\Local\V.Micro\Arduino\Builds\pool_monitor\arduino-mkr1000_arduino-mkr1000_samd_mkr1000/core.a(SERCOM.cpp.o)
                              C:\Users\Mike\AppData\Local\V.Micro\Arduino\Builds\pool_monitor\arduino-mkr1000_arduino-mkr1000_samd_mkr1000\SPI\SPI.cpp.o (SERCOM::initSPIClock(SercomSpiClockMode, unsigned long))
[...]
Memory Configuration

Name             Origin             Length             Attributes
FLASH            0x00002000         0x0003e000         xr
RAM              0x20000000         0x00008000         xrw
*default*        0x00000000         0xffffffff

Linker script and memory map

LOAD c:/users/mike/appdata/local/arduino15/packages/arduino-mkr1000/tools/arm-none-eabi-gcc/4.8.3-2014q1/bin/../lib/gcc/arm-none-eabi/4.8.3/armv6-m/crti.o
LOAD c:/users/mike/appdata/local/arduino15/packages/arduino-mkr1000/tools/arm-none-eabi-gcc/4.8.3-2014q1/bin/../lib/gcc/arm-none-eabi/4.8.3/armv6-m/crtbegin.o
LOAD c:/users/mike/appdata/local/arduino15/packages/arduino-mkr1000/tools/arm-none-eabi-gcc/4.8.3-2014q1/bin/../lib/gcc/arm-none-eabi/4.8.3/../../../../arm-none-eabi/lib/armv6-m/crt0.o
LOAD C:\Users\Mike\AppData\Local\V.Micro\Arduino\Builds\pool_monitor\arduino-mkr1000_arduino-mkr1000_samd_mkr1000\pool_monitor.cpp.o
LOAD C:\Users\Mike\AppData\Local\V.Micro\Arduino\Builds\pool_monitor\arduino-mkr1000_arduino-mkr1000_samd_mkr1000\WiFi101-0.8.0\WiFi.cpp.o
LOAD C:\Users\Mike\AppData\Local\V.Micro\Arduino\Builds\pool_monitor\arduino-mkr1000_arduino-mkr1000_samd_mkr1000\WiFi101-0.8.0\WiFiClient.cpp.o
LOAD C:\Users\Mike\AppData\Local\V.Micro\Arduino\Builds\pool_monitor\arduino-mkr1000_arduino-mkr1000_samd_mkr1000\WiFi101-0.8.0\WiFiServer.cpp.o
LOAD C:\Users\Mike\AppData\Local\V.Micro\Arduino\Builds\pool_monitor\arduino-mkr1000_arduino-mkr1000_samd_mkr1000\WiFi101-0.8.0\WiFiSSLClient.cpp.o
LOAD C:\Users\Mike\AppData\Local\V.Micro\Arduino\Builds\pool_monitor\arduino-mkr1000_arduino-mkr1000_samd_mkr1000\WiFi101-0.8.0\WiFiUdp.cpp.o
LOAD C:\Users\Mike\AppData\Local\V.Micro\Arduino\Builds\pool_monitor\arduino-mkr1000_arduino-mkr1000_samd_mkr1000\WiFi101-0.8.0\bsp\source\nm_bsp_arduino.c.o
LOAD C:\Users\Mike\AppData\Local\V.Micro\Arduino\Builds\pool_monitor\arduino-mkr1000_arduino-mkr1000_samd_mkr1000\WiFi101-0.8.0\bsp\source\nm_bsp_arduino_avr.c.o
LOAD C:\Users\Mike\AppData\Local\V.Micro\Arduino\Builds\pool_monitor\arduino-mkr1000_arduino-mkr1000_samd_mkr1000\WiFi101-0.8.0\bus_wrapper\source\nm_bus_wrapper_samd21.cpp.o
LOAD C:\Users\Mike\AppData\Local\V.Micro\Arduino\Builds\pool_monitor\arduino-mkr1000_arduino-mkr1000_samd_mkr1000\WiFi101-0.8.0\common\source\nm_common.c.o
LOAD C:\Users\Mike\AppData\Local\V.Micro\Arduino\Builds\pool_monitor\arduino-mkr1000_arduino-mkr1000_samd_mkr1000\WiFi101-0.8.0\driver\source\m2m_hif.c.o
LOAD C:\Users\Mike\AppData\Local\V.Micro\Arduino\Builds\pool_monitor\arduino-mkr1000_arduino-mkr1000_samd_mkr1000\WiFi101-0.8.0\driver\source\m2m_ota.c.o
LOAD C:\Users\Mike\AppData\Local\V.Micro\Arduino\Builds\pool_monitor\arduino-mkr1000_arduino-mkr1000_samd_mkr1000\WiFi101-0.8.0\driver\source\m2m_periph.c.o
LOAD C:\Users\Mike\AppData\Local\V.Micro\Arduino\Builds\pool_monitor\arduino-mkr1000_arduino-mkr1000_samd_mkr1000\WiFi101-0.8.0\driver\source\m2m_wifi.c.o
LOAD C:\Users\Mike\AppData\Local\V.Micro\Arduino\Builds\pool_monitor\arduino-mkr1000_arduino-mkr1000_samd_mkr1000\WiFi101-0.8.0\driver\source\nmasic.c.o
LOAD C:\Users\Mike\AppData\Local\V.Micro\Arduino\Builds\pool_monitor\arduino-mkr1000_arduino-mkr1000_samd_mkr1000\WiFi101-0.8.0\driver\source\nmbus.c.o
LOAD C:\Users\Mike\AppData\Local\V.Micro\Arduino\Builds\pool_monitor\arduino-mkr1000_arduino-mkr1000_samd_mkr1000\WiFi101-0.8.0\driver\source\nmdrv.c.o
LOAD C:\Users\Mike\AppData\Local\V.Micro\Arduino\Builds\pool_monitor\arduino-mkr1000_arduino-mkr1000_samd_mkr1000\WiFi101-0.8.0\driver\source\nmi2c.c.o
LOAD C:\Users\Mike\AppData\Local\V.Micro\Arduino\Builds\pool_monitor\arduino-mkr1000_arduino-mkr1000_samd_mkr1000\WiFi101-0.8.0\driver\source\nmspi.c.o
LOAD C:\Users\Mike\AppData\Local\V.Micro\Arduino\Builds\pool_monitor\arduino-mkr1000_arduino-mkr1000_samd_mkr1000\WiFi101-0.8.0\driver\source\nmuart.c.o
LOAD C:\Users\Mike\AppData\Local\V.Micro\Arduino\Builds\pool_monitor\arduino-mkr1000_arduino-mkr1000_samd_mkr1000\WiFi101-0.8.0\socket\source\socket.c.o
LOAD C:\Users\Mike\AppData\Local\V.Micro\Arduino\Builds\pool_monitor\arduino-mkr1000_arduino-mkr1000_samd_mkr1000\WiFi101-0.8.0\socket\source\socket_buffer.c.o
LOAD C:\Users\Mike\AppData\Local\V.Micro\Arduino\Builds\pool_monitor\arduino-mkr1000_arduino-mkr1000_samd_mkr1000\WiFi101-0.8.0\spi_flash\source\spi_flash.c.o
LOAD C:\Users\Mike\AppData\Local\V.Micro\Arduino\Builds\pool_monitor\arduino-mkr1000_arduino-mkr1000_samd_mkr1000\RTCZero\RTCZero.cpp.o
LOAD C:\Users\Mike\AppData\Local\V.Micro\Arduino\Builds\pool_monitor\arduino-mkr1000_arduino-mkr1000_samd_mkr1000\OneWire-2.3.2\OneWire.cpp.o
LOAD C:\Users\Mike\AppData\Local\V.Micro\Arduino\Builds\pool_monitor\arduino-mkr1000_arduino-mkr1000_samd_mkr1000\SPI\SPI.cpp.o
LOAD C:\Users\Mike\AppData\Local\V.Micro\Arduino\Builds\pool_monitor\arduino-mkr1000_arduino-mkr1000_samd_mkr1000\Wire\Wire.cpp.o
LOAD C:\Users\Mike\AppData\Local\V.Micro\Arduino\Builds\pool_monitor\arduino-mkr1000_arduino-mkr1000_samd_mkr1000\adc.cpp.o
LOAD C:\Users\Mike\AppData\Local\V.Micro\Arduino\Builds\pool_monitor\arduino-mkr1000_arduino-mkr1000_samd_mkr1000\wifi_comms.cpp.o
START GROUP
LOAD c:/users/mike/appdata/local/arduino15/packages/arduino-mkr1000/tools/arm-none-eabi-gcc/4.8.3-2014q1/bin/../lib/gcc/arm-none-eabi/4.8.3/../../../../arm-none-eabi/lib/armv6-m\libm.a
LOAD C:\Users\Mike\AppData\Local\V.Micro\Arduino\Builds\pool_monitor\arduino-mkr1000_arduino-mkr1000_samd_mkr1000/core.a
END GROUP
START GROUP
LOAD c:/users/mike/appdata/local/arduino15/packages/arduino-mkr1000/tools/arm-none-eabi-gcc/4.8.3-2014q1/bin/../lib/gcc/arm-none-eabi/4.8.3/armv6-m\libgcc.a
LOAD c:/users/mike/appdata/local/arduino15/packages/arduino-mkr1000/tools/arm-none-eabi-gcc/4.8.3-2014q1/bin/../lib/gcc/arm-none-eabi/4.8.3/../../../../arm-none-eabi/lib/armv6-m\libc_s.a
END GROUP
START GROUP
LOAD c:/users/mike/appdata/local/arduino15/packages/arduino-mkr1000/tools/arm-none-eabi-gcc/4.8.3-2014q1/bin/../lib/gcc/arm-none-eabi/4.8.3/armv6-m\libgcc.a
LOAD c:/users/mike/appdata/local/arduino15/packages/arduino-mkr1000/tools/arm-none-eabi-gcc/4.8.3-2014q1/bin/../lib/gcc/arm-none-eabi/4.8.3/../../../../arm-none-eabi/lib/armv6-m\libc_s.a
LOAD c:/users/mike/appdata/local/arduino15/packages/arduino-mkr1000/tools/arm-none-eabi-gcc/4.8.3-2014q1/bin/../lib/gcc/arm-none-eabi/4.8.3/../../../../arm-none-eabi/lib/armv6-m\libnosys.a
END GROUP
START GROUP
LOAD c:/users/mike/appdata/local/arduino15/packages/arduino-mkr1000/tools/arm-none-eabi-gcc/4.8.3-2014q1/bin/../lib/gcc/arm-none-eabi/4.8.3/armv6-m\libgcc.a
LOAD c:/users/mike/appdata/local/arduino15/packages/arduino-mkr1000/tools/arm-none-eabi-gcc/4.8.3-2014q1/bin/../lib/gcc/arm-none-eabi/4.8.3/../../../../arm-none-eabi/lib/armv6-m\libc_s.a
LOAD c:/users/mike/appdata/local/arduino15/packages/arduino-mkr1000/tools/arm-none-eabi-gcc/4.8.3-2014q1/bin/../lib/gcc/arm-none-eabi/4.8.3/../../../../arm-none-eabi/lib/armv6-m\libnosys.a
END GROUP
LOAD c:/users/mike/appdata/local/arduino15/packages/arduino-mkr1000/tools/arm-none-eabi-gcc/4.8.3-2014q1/bin/../lib/gcc/arm-none-eabi/4.8.3/armv6-m/crtend.o
LOAD c:/users/mike/appdata/local/arduino15/packages/arduino-mkr1000/tools/arm-none-eabi-gcc/4.8.3-2014q1/bin/../lib/gcc/arm-none-eabi/4.8.3/armv6-m/crtn.o

.text           0x00002000     0x8b3c
 *(.isr_vector)
 .isr_vector    0x00002000       0xb0 C:\Users\Mike\AppData\Local\V.Micro\Arduino\Builds\pool_monitor\arduino-mkr1000_arduino-mkr1000_samd_mkr1000/core.a(cortex_handlers.c.o)
                0x00002000                exception_table
 *(.text*)
 .text          0x000020b0       0x60 c:/users/mike/appdata/local/arduino15/packages/arduino-mkr1000/tools/arm-none-eabi-gcc/4.8.3-2014q1/bin/../lib/gcc/arm-none-eabi/4.8.3/armv6-m/crtbegin.o
 .text._Z10alarmMatchv
                0x00002110        0x2 C:\Users\Mike\AppData\Local\V.Micro\Arduino\Builds\pool_monitor\arduino-mkr1000_arduino-mkr1000_samd_mkr1000\pool_monitor.cpp.o
                0x00002110                alarmMatch()
 .text._ZN5Print5writeEPKc
                0x00002112       0x1c C:\Users\Mike\AppData\Local\V.Micro\Arduino\Builds\pool_monitor\arduino-mkr1000_arduino-mkr1000_samd_mkr1000\pool_monitor.cpp.o
                0x00002112                Print::write(char const*)
 .text._Z8Init_ADCv
                0x0000212e       0x10 C:\Users\Mike\AppData\Local\V.Micro\Arduino\Builds\pool_monitor\arduino-mkr1000_arduino-mkr1000_samd_mkr1000\pool_monitor.cpp.o
                0x0000212e                Init_ADC()
 *fill*         0x0000213e        0x2 
 .text._Z9Init_Wifiv
                0x00002140      0x104 C:\Users\Mike\AppData\Local\V.Micro\Arduino\Builds\pool_monitor\arduino-mkr1000_arduino-mkr1000_samd_mkr1000\pool_monitor.cpp.o
                0x00002140                Init_Wifi()
 .text._Z16Init_Temp_Sensorv
                0x00002244       0x34 C:\Users\Mike\AppData\Local\V.Micro\Arduino\Builds\pool_monitor\arduino-mkr1000_arduino-mkr1000_samd_mkr1000\pool_monitor.cpp.o
                0x00002244                Init_Temp_Sensor()
 .text._Z8Init_RTCv
                0x00002278       0x40 C:\Users\Mike\AppData\Local\V.Micro\Arduino\Builds\pool_monitor\arduino-mkr1000_arduino-mkr1000_samd_mkr1000\pool_monitor.cpp.o
                0x00002278                Init_RTC()
 .text._Z16Read_Temperaturev
                0x000022b8       0xa8 C:\Users\Mike\AppData\Local\V.Micro\Arduino\Builds\pool_monitor\arduino-mkr1000_arduino-mkr1000_samd_mkr1000\pool_monitor.cpp.o
                0x000022b8                Read_Temperature()
 .text.startup._GLOBAL__sub_I_setup
                0x00002360       0x30 C:\Users\Mike\AppData\Local\V.Micro\Arduino\Builds\pool_monitor\arduino-mkr1000_arduino-mkr1000_samd_mkr1000\pool_monitor.cpp.o
 .text.loop     0x00002390      0x220 C:\Users\Mike\AppData\Local\V.Micro\Arduino\Builds\pool_monitor\arduino-mkr1000_arduino-mkr1000_samd_mkr1000\pool_monitor.cpp.o
                0x00002390                loop
 .text._Z8Init_UDPv
                0x000025b0       0x28 C:\Users\Mike\AppData\Local\V.Micro\Arduino\Builds\pool_monitor\arduino-mkr1000_arduino-mkr1000_samd_mkr1000\pool_monitor.cpp.o
                0x000025b0                Init_UDP()
 .text._Z4Initv
                0x000025d8       0x18 C:\Users\Mike\AppData\Local\V.Micro\Arduino\Builds\pool_monitor\arduino-mkr1000_arduino-mkr1000_samd_mkr1000\pool_monitor.cpp.o
                0x000025d8                Init()
 .text.setup    0x000025f0       0x18 C:\Users\Mike\AppData\Local\V.Micro\Arduino\Builds\pool_monitor\arduino-mkr1000_arduino-mkr1000_samd_mkr1000\pool_monitor.cpp.o
                0x000025f0                setup
 .text._ZL10resolve_cbPhm
                0x00002608        0xc C:\Users\Mike\AppData\Local\V.Micro\Arduino\Builds\pool_monitor\arduino-mkr1000_arduino-mkr1000_samd_mkr1000\WiFi101-0.8.0\WiFi.cpp.o
 .text._ZL7wifi_cbhPv
                0x00002614      0x15c C:\Users\Mike\AppData\Local\V.Micro\Arduino\Builds\pool_monitor\arduino-mkr1000_arduino-mkr1000_samd_mkr1000\WiFi101-0.8.0\WiFi.cpp.o
 .text._ZN9WiFiClass4initEv
                0x00002770       0xc4 C:\Users\Mike\AppData\Local\V.Micro\Arduino\Builds\pool_monitor\arduino-mkr1000_arduino-mkr1000_samd_mkr1000\WiFi101-0.8.0\WiFi.cpp.o
                0x00002770                WiFiClass::init()
 .text._ZN9WiFiClass12startConnectEPKchPKv
                0x00002834       0xa0 C:\Users\Mike\AppData\Local\V.Micro\Arduino\Builds\pool_monitor\arduino-mkr1000_arduino-mkr1000_samd_mkr1000\WiFi101-0.8.0\WiFi.cpp.o
                0x00002834                WiFiClass::startConnect(char const*, unsigned char, void const*)
 .text._ZN9WiFiClass5beginEPKcS1_
                0x000028d4        0xc C:\Users\Mike\AppData\Local\V.Micro\Arduino\Builds\pool_monitor\arduino-mkr1000_arduino-mkr1000_samd_mkr1000\WiFi101-0.8.0\WiFi.cpp.o
                0x000028d4                WiFiClass::begin(char const*, char const*)
 .text._ZN9WiFiClass10macAddressEPh
                0x000028e0       0x26 C:\Users\Mike\AppData\Local\V.Micro\Arduino\Builds\pool_monitor\arduino-mkr1000_arduino-mkr1000_samd_mkr1000\WiFi101-0.8.0\WiFi.cpp.o
                0x000028e0                WiFiClass::macAddress(unsigned char*)
 .text._ZN9WiFiClass7localIPEv
                0x00002906        0x4 C:\Users\Mike\AppData\Local\V.Micro\Arduino\Builds\pool_monitor\arduino-mkr1000_arduino-mkr1000_samd_mkr1000\WiFi101-0.8.0\WiFi.cpp.o
                0x00002906                WiFiClass::localIP()
 *fill*         0x0000290a        0x2 
 .text._ZN9WiFiClass4RSSIEv
                0x0000290c       0x48 C:\Users\Mike\AppData\Local\V.Micro\Arduino\Builds\pool_monitor\arduino-mkr1000_arduino-mkr1000_samd_mkr1000\WiFi101-0.8.0\WiFi.cpp.o
                0x0000290c                WiFiClass::RSSI()
 .text._ZN9WiFiClass10hostByNameEPKcR9IPAddress
                0x00002954       0x90 C:\Users\Mike\AppData\Local\V.Micro\Arduino\Builds\pool_monitor\arduino-mkr1000_arduino-mkr1000_samd_mkr1000\WiFi101-0.8.0\WiFi.cpp.o
                0x00002954                WiFiClass::hostByName(char const*, IPAddress&)
 .text.startup._GLOBAL__sub_I__ZN9WiFiClassC2Ev
                0x000029e4       0x28 C:\Users\Mike\AppData\Local\V.Micro\Arduino\Builds\pool_monitor\arduino-mkr1000_arduino-mkr1000_samd_mkr1000\WiFi101-0.8.0\WiFi.cpp.o
 .text.startup._GLOBAL__sub_I__ZN10WiFiClientC2Ev
                0x00002a0c       0x18 C:\Users\Mike\AppData\Local\V.Micro\Arduino\Builds\pool_monitor\arduino-mkr1000_arduino-mkr1000_samd_mkr1000\WiFi101-0.8.0\WiFiClient.cpp.o
 .text.startup._GLOBAL__sub_I__ZN10WiFiServerC2Et
                0x00002a24       0x18 C:\Users\Mike\AppData\Local\V.Micro\Arduino\Builds\pool_monitor\arduino-mkr1000_arduino-mkr1000_samd_mkr1000\WiFi101-0.8.0\WiFiServer.cpp.o
 .text.startup._GLOBAL__sub_I__ZN13WiFiSSLClientC2Ev
                0x00002a3c       0x18 C:\Users\Mike\AppData\Local\V.Micro\Arduino\Builds\pool_monitor\arduino-mkr1000_arduino-mkr1000_samd_mkr1000\WiFi101-0.8.0\WiFiSSLClient.cpp.o
 .text._ZN7WiFiUDP4readEPcj
                0x00002a54        0xa C:\Users\Mike\AppData\Local\V.Micro\Arduino\Builds\pool_monitor\arduino-mkr1000_arduino-mkr1000_samd_mkr1000\WiFi101-0.8.0\WiFiUdp.cpp.o
                0x00002a54                WiFiUDP::read(char*, unsigned int)
 *fill*         0x00002a5e        0x2 
 .text._ZN7WiFiUDP11beginPacketE9IPAddresst
                0x00002a60       0x18 C:\Users\Mike\AppData\Local\V.Micro\Arduino\Builds\pool_monitor\arduino-mkr1000_arduino-mkr1000_samd_mkr1000\WiFi101-0.8.0\WiFiUdp.cpp.o
                0x00002a60                WiFiUDP::beginPacket(IPAddress, unsigned short)
 .text._ZN7WiFiUDP9endPacketEv
                0x00002a78        0x4 C:\Users\Mike\AppData\Local\V.Micro\Arduino\Builds\pool_monitor\arduino-mkr1000_arduino-mkr1000_samd_mkr1000\WiFi101-0.8.0\WiFiUdp.cpp.o
                0x00002a78                WiFiUDP::endPacket()
 .text._ZN7WiFiUDP5writeEh
                0x00002a7c       0x14 C:\Users\Mike\AppData\Local\V.Micro\Arduino\Builds\pool_monitor\arduino-mkr1000_arduino-mkr1000_samd_mkr1000\WiFi101-0.8.0\WiFiUdp.cpp.o
                0x00002a7c                WiFiUDP::write(unsigned char)
 .text._ZN7WiFiUDP4readEv
                0x00002a90       0x18 C:\Users\Mike\AppData\Local\V.Micro\Arduino\Builds\pool_monitor\arduino-mkr1000_arduino-mkr1000_samd_mkr1000\WiFi101-0.8.0\WiFiUdp.cpp.o
                0x00002a90                WiFiUDP::read()
 .text._ZN7WiFiUDP4peekEv
                0x00002aa8       0x1e C:\Users\Mike\AppData\Local\V.Micro\Arduino\Builds\pool_monitor\arduino-mkr1000_arduino-mkr1000_samd_mkr1000\WiFi101-0.8.0\WiFiUdp.cpp.o
                0x00002aa8                WiFiUDP::peek()
 .text._ZN7WiFiUDP5flushEv
                0x00002ac6       0x1c C:\Users\Mike\AppData\Local\V.Micro\Arduino\Builds\pool_monitor\arduino-mkr1000_arduino-mkr1000_samd_mkr1000\WiFi101-0.8.0\WiFiUdp.cpp.o
                0x00002ac6                WiFiUDP::flush()
 *fill*         0x00002ae2        0x2 
 .text._ZN7WiFiUDP10remotePortEv
                0x00002ae4        0xc C:\Users\Mike\AppData\Local\V.Micro\Arduino\Builds\pool_monitor\arduino-mkr1000_arduino-mkr1000_samd_mkr1000\WiFi101-0.8.0\WiFiUdp.cpp.o
                0x00002ae4                WiFiUDP::remotePort()
 .text._ZN7WiFiUDP5beginEt
                0x00002af0       0xc4 C:\Users\Mike\AppData\Local\V.Micro\Arduino\Builds\pool_monitor\arduino-mkr1000_arduino-mkr1000_samd_mkr1000\WiFi101-0.8.0\WiFiUdp.cpp.o
                0x00002af0                WiFiUDP::begin(unsigned short)
 .text._ZN7WiFiUDP9availableEv
                0x00002bb4       0x1e C:\Users\Mike\AppData\Local\V.Micro\Arduino\Builds\pool_monitor\arduino-mkr1000_arduino-mkr1000_samd_mkr1000\WiFi101-0.8.0\WiFiUdp.cpp.o
                0x00002bb4                WiFiUDP::available()
 .text._ZN7WiFiUDP4stopEv
                0x00002bd2       0x1e C:\Users\Mike\AppData\Local\V.Micro\Arduino\Builds\pool_monitor\arduino-mkr1000_arduino-mkr1000_samd_mkr1000\WiFi101-0.8.0\WiFiUdp.cpp.o
                0x00002bd2                WiFiUDP::stop()
 .text._ZN7WiFiUDP11beginPacketEPKct
                0x00002bf0       0x38 C:\Users\Mike\AppData\Local\V.Micro\Arduino\Builds\pool_monitor\arduino-mkr1000_arduino-mkr1000_samd_mkr1000\WiFi101-0.8.0\WiFiUdp.cpp.o
                0x00002bf0                WiFiUDP::beginPacket(char const*, unsigned short)
 .text._ZN7WiFiUDP4readEPhj
                0x00002c28       0x8c C:\Users\Mike\AppData\Local\V.Micro\Arduino\Builds\pool_monitor\arduino-mkr1000_arduino-mkr1000_samd_mkr1000\WiFi101-0.8.0\WiFiUdp.cpp.o
                0x00002c28                WiFiUDP::read(unsigned char*, unsigned int)
 .text._ZN7WiFiUDP8remoteIPEv
                0x00002cb4       0x14 C:\Users\Mike\AppData\Local\V.Micro\Arduino\Builds\pool_monitor\arduino-mkr1000_arduino-mkr1000_samd_mkr1000\WiFi101-0.8.0\WiFiUdp.cpp.o
                0x00002cb4                WiFiUDP::remoteIP()
 .text._ZN7WiFiUDP11parsePacketEv
                0x00002cc8       0x7c C:\Users\Mike\AppData\Local\V.Micro\Arduino\Builds\pool_monitor\arduino-mkr1000_arduino-mkr1000_samd_mkr1000\WiFi101-0.8.0\WiFiUdp.cpp.o
                0x00002cc8                WiFiUDP::parsePacket()
 .text._ZN7WiFiUDP5writeEPKhj
                0x00002d44       0x78 C:\Users\Mike\AppData\Local\V.Micro\Arduino\Builds\pool_monitor\arduino-mkr1000_arduino-mkr1000_samd_mkr1000\WiFi101-0.8.0\WiFiUdp.cpp.o
                0x00002d44                WiFiUDP::write(unsigned char const*, unsigned int)
 .text._ZN7WiFiUDPC2Ev
                0x00002dbc       0x38 C:\Users\Mike\AppData\Local\V.Micro\Arduino\Builds\pool_monitor\arduino-mkr1000_arduino-mkr1000_samd_mkr1000\WiFi101-0.8.0\WiFiUdp.cpp.o
                0x00002dbc                WiFiUDP::WiFiUDP()
                0x00002dbc                WiFiUDP::WiFiUDP()
 .text.startup._GLOBAL__sub_I__ZN7WiFiUDPC2Ev
                0x00002df4       0x18 C:\Users\Mike\AppData\Local\V.Micro\Arduino\Builds\pool_monitor\arduino-mkr1000_arduino-mkr1000_samd_mkr1000\WiFi101-0.8.0\WiFiUdp.cpp.o
 .text.chip_isr
                0x00002e0c       0x14 C:\Users\Mike\AppData\Local\V.Micro\Arduino\Builds\pool_monitor\arduino-mkr1000_arduino-mkr1000_samd_mkr1000\WiFi101-0.8.0\bsp\source\nm_bsp_arduino.c.o
 .text.attachInterruptMultiArch
                0x00002e20        0x8 C:\Users\Mike\AppData\Local\V.Micro\Arduino\Builds\pool_monitor\arduino-mkr1000_arduino-mkr1000_samd_mkr1000\WiFi101-0.8.0\bsp\source\nm_bsp_arduino.c.o
                0x00002e20                attachInterruptMultiArch
 .text.detachInterruptMultiArch
                0x00002e28        0x8 C:\Users\Mike\AppData\Local\V.Micro\Arduino\Builds\pool_monitor\arduino-mkr1000_arduino-mkr1000_samd_mkr1000\WiFi101-0.8.0\bsp\source\nm_bsp_arduino.c.o
                0x00002e28                detachInterruptMultiArch
 .text.nm_bsp_sleep
                0x00002e30       0x14 C:\Users\Mike\AppData\Local\V.Micro\Arduino\Builds\pool_monitor\arduino-mkr1000_arduino-mkr1000_samd_mkr1000\WiFi101-0.8.0\bsp\source\nm_bsp_arduino.c.o
                0x00002e30                nm_bsp_sleep
 .text.nm_bsp_reset
                0x00002e44       0x20 C:\Users\Mike\AppData\Local\V.Micro\Arduino\Builds\pool_monitor\arduino-mkr1000_arduino-mkr1000_samd_mkr1000\WiFi101-0.8.0\bsp\source\nm_bsp_arduino.c.o
                0x00002e44                nm_bsp_reset
 .text.nm_bsp_init
                0x00002e64       0x2c C:\Users\Mike\AppData\Local\V.Micro\Arduino\Builds\pool_monitor\arduino-mkr1000_arduino-mkr1000_samd_mkr1000\WiFi101-0.8.0\bsp\source\nm_bsp_arduino.c.o
                0x00002e64                nm_bsp_init
 .text.nm_bsp_register_isr
                0x00002e90       0x1c C:\Users\Mike\AppData\Local\V.Micro\Arduino\Builds\pool_monitor\arduino-mkr1000_arduino-mkr1000_samd_mkr1000\WiFi101-0.8.0\bsp\source\nm_bsp_arduino.c.o
                0x00002e90                nm_bsp_register_isr
 .text.nm_bsp_interrupt_ctrl
                0x00002eac       0x20 C:\Users\Mike\AppData\Local\V.Micro\Arduino\Builds\pool_monitor\arduino-mkr1000_arduino-mkr1000_samd_mkr1000\WiFi101-0.8.0\bsp\source\nm_bsp_arduino.c.o
                0x00002eac                nm_bsp_interrupt_ctrl
 .text.nm_bus_init
                0x00002ecc       0x2c C:\Users\Mike\AppData\Local\V.Micro\Arduino\Builds\pool_monitor\arduino-mkr1000_arduino-mkr1000_samd_mkr1000\WiFi101-0.8.0\bus_wrapper\source\nm_bus_wrapper_samd21.cpp.o
                0x00002ecc                nm_bus_init
 .text.nm_bus_ioctl
                0x00002ef8       0x8c C:\Users\Mike\AppData\Local\V.Micro\Arduino\Builds\pool_monitor\arduino-mkr1000_arduino-mkr1000_samd_mkr1000\WiFi101-0.8.0\bus_wrapper\source\nm_bus_wrapper_samd21.cpp.o
                0x00002ef8                nm_bus_ioctl
 .text.nm_bus_deinit
                0x00002f84       0x10 C:\Users\Mike\AppData\Local\V.Micro\Arduino\Builds\pool_monitor\arduino-mkr1000_arduino-mkr1000_samd_mkr1000\WiFi101-0.8.0\bus_wrapper\source\nm_bus_wrapper_samd21.cpp.o
                0x00002f84                nm_bus_deinit
 .text.startup._GLOBAL__sub_I_egstrNmBusCapabilities
                0x00002f94       0x18 C:\Users\Mike\AppData\Local\V.Micro\Arduino\Builds\pool_monitor\arduino-mkr1000_arduino-mkr1000_samd_mkr1000\WiFi101-0.8.0\bus_wrapper\source\nm_bus_wrapper_samd21.cpp.o
 .text.m2m_memcpy
                0x00002fac       0x12 C:\Users\Mike\AppData\Local\V.Micro\Arduino\Builds\pool_monitor\arduino-mkr1000_arduino-mkr1000_samd_mkr1000\WiFi101-0.8.0\common\source\nm_common.c.o
                0x00002fac                m2m_memcpy
 .text.m2m_memset
                0x00002fbe       0x10 C:\Users\Mike\AppData\Local\V.Micro\Arduino\Builds\pool_monitor\arduino-mkr1000_arduino-mkr1000_samd_mkr1000\WiFi101-0.8.0\common\source\nm_common.c.o
                0x00002fbe                m2m_memset
 .text.m2m_strlen
                0x00002fce       0x14 C:\Users\Mike\AppData\Local\V.Micro\Arduino\Builds\pool_monitor\arduino-mkr1000_arduino-mkr1000_samd_mkr1000\WiFi101-0.8.0\common\source\nm_common.c.o
                0x00002fce                m2m_strlen
 *fill*         0x00002fe2        0x2 
 .text.isr      0x00002fe4       0x10 C:\Users\Mike\AppData\Local\V.Micro\Arduino\Builds\pool_monitor\arduino-mkr1000_arduino-mkr1000_samd_mkr1000\WiFi101-0.8.0\driver\source\m2m_hif.c.o
 .text.m2m_hif_cb
                0x00002ff4        0x2 C:\Users\Mike\AppData\Local\V.Micro\Arduino\Builds\pool_monitor\arduino-mkr1000_arduino-mkr1000_samd_mkr1000\WiFi101-0.8.0\driver\source\m2m_hif.c.o
 *fill*         0x00002ff6        0x2 
 .text.hif_set_rx_done
                0x00002ff8       0x2c C:\Users\Mike\AppData\Local\V.Micro\Arduino\Builds\pool_monitor\arduino-mkr1000_arduino-mkr1000_samd_mkr1000\WiFi101-0.8.0\driver\source\m2m_hif.c.o
 .text.hif_chip_wake
                0x00003024       0x4c C:\Users\Mike\AppData\Local\V.Micro\Arduino\Builds\pool_monitor\arduino-mkr1000_arduino-mkr1000_samd_mkr1000\WiFi101-0.8.0\driver\source\m2m_hif.c.o
                0x00003024                hif_chip_wake
 .text.hif_chip_sleep
                0x00003070       0x6c C:\Users\Mike\AppData\Local\V.Micro\Arduino\Builds\pool_monitor\arduino-mkr1000_arduino-mkr1000_samd_mkr1000\WiFi101-0.8.0\driver\source\m2m_hif.c.o
                0x00003070                hif_chip_sleep
 .text.hif_init
                0x000030dc       0x48 C:\Users\Mike\AppData\Local\V.Micro\Arduino\Builds\pool_monitor\arduino-mkr1000_arduino-mkr1000_samd_mkr1000\WiFi101-0.8.0\driver\source\m2m_hif.c.o
                0x000030dc                hif_init
 .text.hif_send
                0x00003124      0x174 C:\Users\Mike\AppData\Local\V.Micro\Arduino\Builds\pool_monitor\arduino-mkr1000_arduino-mkr1000_samd_mkr1000\WiFi101-0.8.0\driver\source\m2m_hif.c.o
                0x00003124                hif_send
 .text.hif_handle_isr
                0x00003298      0x150 C:\Users\Mike\AppData\Local\V.Micro\Arduino\Builds\pool_monitor\arduino-mkr1000_arduino-mkr1000_samd_mkr1000\WiFi101-0.8.0\driver\source\m2m_hif.c.o
                0x00003298                hif_handle_isr
 .text.hif_receive
                0x000033e8       0x90 C:\Users\Mike\AppData\Local\V.Micro\Arduino\Builds\pool_monitor\arduino-mkr1000_arduino-mkr1000_samd_mkr1000\WiFi101-0.8.0\driver\source\m2m_hif.c.o
                0x000033e8                hif_receive
 .text.hif_register_cb
                0x00003478       0x50 C:\Users\Mike\AppData\Local\V.Micro\Arduino\Builds\pool_monitor\arduino-mkr1000_arduino-mkr1000_samd_mkr1000\WiFi101-0.8.0\driver\source\m2m_hif.c.o
                0x00003478                hif_register_cb
 .text.get_gpio_idx
                0x000034c8       0x3a C:\Users\Mike\AppData\Local\V.Micro\Arduino\Builds\pool_monitor\arduino-mkr1000_arduino-mkr1000_samd_mkr1000\WiFi101-0.8.0\driver\source\m2m_periph.c.o
 .text.m2m_periph_gpio_set_dir
                0x00003502       0x28 C:\Users\Mike\AppData\Local\V.Micro\Arduino\Builds\pool_monitor\arduino-mkr1000_arduino-mkr1000_samd_mkr1000\WiFi101-0.8.0\driver\source\m2m_periph.c.o
                0x00003502                m2m_periph_gpio_set_dir
 .text.m2m_periph_gpio_set_val
                0x0000352a       0x28 C:\Users\Mike\AppData\Local\V.Micro\Arduino\Builds\pool_monitor\arduino-mkr1000_arduino-mkr1000_samd_mkr1000\WiFi101-0.8.0\driver\source\m2m_periph.c.o
                0x0000352a                m2m_periph_gpio_set_val
 *fill*         0x00003552        0x2 
 .text.m2m_wifi_cb
                0x00003554      0x15c C:\Users\Mike\AppData\Local\V.Micro\Arduino\Builds\pool_monitor\arduino-mkr1000_arduino-mkr1000_samd_mkr1000\WiFi101-0.8.0\driver\source\m2m_wifi.c.o
 .text.m2m_wifi_init
                0x000036b0       0x60 C:\Users\Mike\AppData\Local\V.Micro\Arduino\Builds\pool_monitor\arduino-mkr1000_arduino-mkr1000_samd_mkr1000\WiFi101-0.8.0\driver\source\m2m_wifi.c.o
                0x000036b0                m2m_wifi_init
 .text.m2m_wifi_handle_events
                0x00003710       0x2c C:\Users\Mike\AppData\Local\V.Micro\Arduino\Builds\pool_monitor\arduino-mkr1000_arduino-mkr1000_samd_mkr1000\WiFi101-0.8.0\driver\source\m2m_wifi.c.o
                0x00003710                m2m_wifi_handle_events
 .text.m2m_wifi_connect_sc
                0x0000373c      0x108 C:\Users\Mike\AppData\Local\V.Micro\Arduino\Builds\pool_monitor\arduino-mkr1000_arduino-mkr1000_samd_mkr1000\WiFi101-0.8.0\driver\source\m2m_wifi.c.o
                0x0000373c                m2m_wifi_connect_sc
 .text.m2m_wifi_connect
                0x00003844       0x12 C:\Users\Mike\AppData\Local\V.Micro\Arduino\Builds\pool_monitor\arduino-mkr1000_arduino-mkr1000_samd_mkr1000\WiFi101-0.8.0\driver\source\m2m_wifi.c.o
                0x00003844                m2m_wifi_connect
 .text.m2m_wifi_req_curr_rssi
                0x00003856       0x18 C:\Users\Mike\AppData\Local\V.Micro\Arduino\Builds\pool_monitor\arduino-mkr1000_arduino-mkr1000_samd_mkr1000\WiFi101-0.8.0\driver\source\m2m_wifi.c.o
                0x00003856                m2m_wifi_req_curr_rssi
 .text.m2m_wifi_get_mac_address
                0x0000386e       0x1e C:\Users\Mike\AppData\Local\V.Micro\Arduino\Builds\pool_monitor\arduino-mkr1000_arduino-mkr1000_samd_mkr1000\WiFi101-0.8.0\driver\source\m2m_wifi.c.o
                0x0000386e                m2m_wifi_get_mac_address
 .text.chip_apply_conf
                0x0000388c       0x2e C:\Users\Mike\AppData\Local\V.Micro\Arduino\Builds\pool_monitor\arduino-mkr1000_arduino-mkr1000_samd_mkr1000\WiFi101-0.8.0\driver\source\nmasic.c.o
                0x0000388c                chip_apply_conf
 *fill*         0x000038ba        0x2 
 .text.nm_clkless_wake
                0x000038bc       0xb4 C:\Users\Mike\AppData\Local\V.Micro\Arduino\Builds\pool_monitor\arduino-mkr1000_arduino-mkr1000_samd_mkr1000\WiFi101-0.8.0\driver\source\nmasic.c.o
                0x000038bc                nm_clkless_wake
 .text.enable_interrupts
                0x00003970       0x54 C:\Users\Mike\AppData\Local\V.Micro\Arduino\Builds\pool_monitor\arduino-mkr1000_arduino-mkr1000_samd_mkr1000\WiFi101-0.8.0\driver\source\nmasic.c.o
                0x00003970                enable_interrupts
 .text.nmi_get_chipid
                0x000039c4       0xac C:\Users\Mike\AppData\Local\V.Micro\Arduino\Builds\pool_monitor\arduino-mkr1000_arduino-mkr1000_samd_mkr1000\WiFi101-0.8.0\driver\source\nmasic.c.o
                0x000039c4                nmi_get_chipid
 .text.wait_for_bootrom
                0x00003a70       0xb0 C:\Users\Mike\AppData\Local\V.Micro\Arduino\Builds\pool_monitor\arduino-mkr1000_arduino-mkr1000_samd_mkr1000\WiFi101-0.8.0\driver\source\nmasic.c.o
                0x00003a70                wait_for_bootrom
 .text.wait_for_firmware_start
                0x00003b20       0x60 C:\Users\Mike\AppData\Local\V.Micro\Arduino\Builds\pool_monitor\arduino-mkr1000_arduino-mkr1000_samd_mkr1000\WiFi101-0.8.0\driver\source\nmasic.c.o
                0x00003b20                wait_for_firmware_start
 .text.chip_deinit
                0x00003b80       0x5c C:\Users\Mike\AppData\Local\V.Micro\Arduino\Builds\pool_monitor\arduino-mkr1000_arduino-mkr1000_samd_mkr1000\WiFi101-0.8.0\driver\source\nmasic.c.o
                0x00003b80                chip_deinit
 .text.set_gpio_dir
                0x00003bdc       0x34 C:\Users\Mike\AppData\Local\V.Micro\Arduino\Builds\pool_monitor\arduino-mkr1000_arduino-mkr1000_samd_mkr1000\WiFi101-0.8.0\driver\source\nmasic.c.o
                0x00003bdc                set_gpio_dir
 .text.set_gpio_val
                0x00003c10       0x34 C:\Users\Mike\AppData\Local\V.Micro\Arduino\Builds\pool_monitor\arduino-mkr1000_arduino-mkr1000_samd_mkr1000\WiFi101-0.8.0\driver\source\nmasic.c.o
                0x00003c10                set_gpio_val
 .text.nmi_get_mac_address
                0x00003c44       0x54 C:\Users\Mike\AppData\Local\V.Micro\Arduino\Builds\pool_monitor\arduino-mkr1000_arduino-mkr1000_samd_mkr1000\WiFi101-0.8.0\driver\source\nmasic.c.o
                0x00003c44                nmi_get_mac_address
 .text.nm_bus_iface_init
                0x00003c98        0x8 C:\Users\Mike\AppData\Local\V.Micro\Arduino\Builds\pool_monitor\arduino-mkr1000_arduino-mkr1000_samd_mkr1000\WiFi101-0.8.0\driver\source\nmbus.c.o
                0x00003c98                nm_bus_iface_init
 .text.nm_bus_iface_deinit
                0x00003ca0        0x8 C:\Users\Mike\AppData\Local\V.Micro\Arduino\Builds\pool_monitor\arduino-mkr1000_arduino-mkr1000_samd_mkr1000\WiFi101-0.8.0\driver\source\nmbus.c.o
                0x00003ca0                nm_bus_iface_deinit
 .text.nm_read_reg
                0x00003ca8        0x8 C:\Users\Mike\AppData\Local\V.Micro\Arduino\Builds\pool_monitor\arduino-mkr1000_arduino-mkr1000_samd_mkr1000\WiFi101-0.8.0\driver\source\nmbus.c.o
                0x00003ca8                nm_read_reg
 .text.nm_read_reg_with_ret
                0x00003cb0        0x8 C:\Users\Mike\AppData\Local\V.Micro\Arduino\Builds\pool_monitor\arduino-mkr1000_arduino-mkr1000_samd_mkr1000\WiFi101-0.8.0\driver\source\nmbus.c.o
                0x00003cb0                nm_read_reg_with_ret
 .text.nm_write_reg
                0x00003cb8        0x8 C:\Users\Mike\AppData\Local\V.Micro\Arduino\Builds\pool_monitor\arduino-mkr1000_arduino-mkr1000_samd_mkr1000\WiFi101-0.8.0\driver\source\nmbus.c.o
                0x00003cb8                nm_write_reg
 .text.nm_read_block
                0x00003cc0       0x40 C:\Users\Mike\AppData\Local\V.Micro\Arduino\Builds\pool_monitor\arduino-mkr1000_arduino-mkr1000_samd_mkr1000\WiFi101-0.8.0\driver\source\nmbus.c.o
                0x00003cc0                nm_read_block
 .text.nm_write_block
                0x00003d00       0x40 C:\Users\Mike\AppData\Local\V.Micro\Arduino\Builds\pool_monitor\arduino-mkr1000_arduino-mkr1000_samd_mkr1000\WiFi101-0.8.0\driver\source\nmbus.c.o
                0x00003d00                nm_write_block
 .text.nm_get_firmware_info
                0x00003d40       0xa0 C:\Users\Mike\AppData\Local\V.Micro\Arduino\Builds\pool_monitor\arduino-mkr1000_arduino-mkr1000_samd_mkr1000\WiFi101-0.8.0\driver\source\nmdrv.c.o
                0x00003d40                nm_get_firmware_info
 .text.nm_drv_init
                0x00003de0       0x4a C:\Users\Mike\AppData\Local\V.Micro\Arduino\Builds\pool_monitor\arduino-mkr1000_arduino-mkr1000_samd_mkr1000\WiFi101-0.8.0\driver\source\nmdrv.c.o
                0x00003de0                nm_drv_init
 .text.nm_drv_deinit
                0x00003e2a       0x22 C:\Users\Mike\AppData\Local\V.Micro\Arduino\Builds\pool_monitor\arduino-mkr1000_arduino-mkr1000_samd_mkr1000\WiFi101-0.8.0\driver\source\nmdrv.c.o
                0x00003e2a                nm_drv_deinit
 .text.nmi_spi_read
                0x00003e4c       0x18 C:\Users\Mike\AppData\Local\V.Micro\Arduino\Builds\pool_monitor\arduino-mkr1000_arduino-mkr1000_samd_mkr1000\WiFi101-0.8.0\driver\source\nmspi.c.o
 .text.spi_cmd_rsp
                0x00003e64       0x68 C:\Users\Mike\AppData\Local\V.Micro\Arduino\Builds\pool_monitor\arduino-mkr1000_arduino-mkr1000_samd_mkr1000\WiFi101-0.8.0\driver\source\nmspi.c.o
 .text.spi_data_read
                0x00003ecc       0x8c C:\Users\Mike\AppData\Local\V.Micro\Arduino\Builds\pool_monitor\arduino-mkr1000_arduino-mkr1000_samd_mkr1000\WiFi101-0.8.0\driver\source\nmspi.c.o
 .text.nmi_spi_write
                0x00003f58       0x18 C:\Users\Mike\AppData\Local\V.Micro\Arduino\Builds\pool_monitor\arduino-mkr1000_arduino-mkr1000_samd_mkr1000\WiFi101-0.8.0\driver\source\nmspi.c.o
 .text.spi_cmd  0x00003f70      0x108 C:\Users\Mike\AppData\Local\V.Micro\Arduino\Builds\pool_monitor\arduino-mkr1000_arduino-mkr1000_samd_mkr1000\WiFi101-0.8.0\driver\source\nmspi.c.o
 .text.spi_write_reg
                0x00004078       0x48 C:\Users\Mike\AppData\Local\V.Micro\Arduino\Builds\pool_monitor\arduino-mkr1000_arduino-mkr1000_samd_mkr1000\WiFi101-0.8.0\driver\source\nmspi.c.o
 .text.spi_read_reg
                0x000040c0       0x74 C:\Users\Mike\AppData\Local\V.Micro\Arduino\Builds\pool_monitor\arduino-mkr1000_arduino-mkr1000_samd_mkr1000\WiFi101-0.8.0\driver\source\nmspi.c.o
 .text.nm_spi_deinit
                0x00004134        0xc C:\Users\Mike\AppData\Local\V.Micro\Arduino\Builds\pool_monitor\arduino-mkr1000_arduino-mkr1000_samd_mkr1000\WiFi101-0.8.0\driver\source\nmspi.c.o
                0x00004134                nm_spi_deinit
 .text.nm_spi_read_reg
                0x00004140        0xc C:\Users\Mike\AppData\Local\V.Micro\Arduino\Builds\pool_monitor\arduino-mkr1000_arduino-mkr1000_samd_mkr1000\WiFi101-0.8.0\driver\source\nmspi.c.o
                0x00004140                nm_spi_read_reg
 .text.nm_spi_read_reg_with_ret
                0x0000414c       0x14 C:\Users\Mike\AppData\Local\V.Micro\Arduino\Builds\pool_monitor\arduino-mkr1000_arduino-mkr1000_samd_mkr1000\WiFi101-0.8.0\driver\source\nmspi.c.o
                0x0000414c                nm_spi_read_reg_with_ret
 .text.nm_spi_write_reg
                0x00004160       0x14 C:\Users\Mike\AppData\Local\V.Micro\Arduino\Builds\pool_monitor\arduino-mkr1000_arduino-mkr1000_samd_mkr1000\WiFi101-0.8.0\driver\source\nmspi.c.o
                0x00004160                nm_spi_write_reg
 .text.nm_spi_init
                0x00004174       0x80 C:\Users\Mike\AppData\Local\V.Micro\Arduino\Builds\pool_monitor\arduino-mkr1000_arduino-mkr1000_samd_mkr1000\WiFi101-0.8.0\driver\source\nmspi.c.o
                0x00004174                nm_spi_init
 .text.nm_spi_read_block
                0x000041f4       0x4c C:\Users\Mike\AppData\Local\V.Micro\Arduino\Builds\pool_monitor\arduino-mkr1000_arduino-mkr1000_samd_mkr1000\WiFi101-0.8.0\driver\source\nmspi.c.o
                0x000041f4                nm_spi_read_block
 .text.nm_spi_write_block
                0x00004240       0xc8 C:\Users\Mike\AppData\Local\V.Micro\Arduino\Builds\pool_monitor\arduino-mkr1000_arduino-mkr1000_samd_mkr1000\WiFi101-0.8.0\driver\source\nmspi.c.o
                0x00004240                nm_spi_write_block
 .text.Socket_ReadSocketData
                0x00004308       0xc0 C:\Users\Mike\AppData\Local\V.Micro\Arduino\Builds\pool_monitor\arduino-mkr1000_arduino-mkr1000_samd_mkr1000\WiFi101-0.8.0\socket\source\socket.c.o
                0x00004308                Socket_ReadSocketData
 .text.m2m_ip_cb
                0x000043c8      0x270 C:\Users\Mike\AppData\Local\V.Micro\Arduino\Builds\pool_monitor\arduino-mkr1000_arduino-mkr1000_samd_mkr1000\WiFi101-0.8.0\socket\source\socket.c.o
 .text.Socket_ReadSocketData_Small
                0x00004638       0xb8 C:\Users\Mike\AppData\Local\V.Micro\Arduino\Builds\pool_monitor\arduino-mkr1000_arduino-mkr1000_samd_mkr1000\WiFi101-0.8.0\socket\source\socket.c.o
                0x00004638                Socket_ReadSocketData_Small
 .text.socketInit
                0x000046f0       0x38 C:\Users\Mike\AppData\Local\V.Micro\Arduino\Builds\pool_monitor\arduino-mkr1000_arduino-mkr1000_samd_mkr1000\WiFi101-0.8.0\socket\source\socket.c.o
                0x000046f0                socketInit
 .text.registerSocketCallback
                0x00004728       0x14 C:\Users\Mike\AppData\Local\V.Micro\Arduino\Builds\pool_monitor\arduino-mkr1000_arduino-mkr1000_samd_mkr1000\WiFi101-0.8.0\socket\source\socket.c.o
                0x00004728                registerSocketCallback
 .text.socket   0x0000473c       0x94 C:\Users\Mike\AppData\Local\V.Micro\Arduino\Builds\pool_monitor\arduino-mkr1000_arduino-mkr1000_samd_mkr1000\WiFi101-0.8.0\socket\source\socket.c.o
                0x0000473c                socket
 .text.bind     0x000047d0       0x58 C:\Users\Mike\AppData\Local\V.Micro\Arduino\Builds\pool_monitor\arduino-mkr1000_arduino-mkr1000_samd_mkr1000\WiFi101-0.8.0\socket\source\socket.c.o
                0x000047d0                bind
 .text.listen   0x00004828       0x48 C:\Users\Mike\AppData\Local\V.Micro\Arduino\Builds\pool_monitor\arduino-mkr1000_arduino-mkr1000_samd_mkr1000\WiFi101-0.8.0\socket\source\socket.c.o
                0x00004828                listen
 .text.sendto   0x00004870       0x8c C:\Users\Mike\AppData\Local\V.Micro\Arduino\Builds\pool_monitor\arduino-mkr1000_arduino-mkr1000_samd_mkr1000\WiFi101-0.8.0\socket\source\socket.c.o
                0x00004870                sendto
 .text.recv     0x000048fc       0x80 C:\Users\Mike\AppData\Local\V.Micro\Arduino\Builds\pool_monitor\arduino-mkr1000_arduino-mkr1000_samd_mkr1000\WiFi101-0.8.0\socket\source\socket.c.o
                0x000048fc                recv
 .text.close    0x0000497c       0x60 C:\Users\Mike\AppData\Local\V.Micro\Arduino\Builds\pool_monitor\arduino-mkr1000_arduino-mkr1000_samd_mkr1000\WiFi101-0.8.0\socket\source\socket.c.o
                0x0000497c                close
 .text.recvfrom
                0x000049dc       0x84 C:\Users\Mike\AppData\Local\V.Micro\Arduino\Builds\pool_monitor\arduino-mkr1000_arduino-mkr1000_samd_mkr1000\WiFi101-0.8.0\socket\source\socket.c.o
                0x000049dc                recvfrom
 .text.gethostbyname
                0x00004a60       0x34 C:\Users\Mike\AppData\Local\V.Micro\Arduino\Builds\pool_monitor\arduino-mkr1000_arduino-mkr1000_samd_mkr1000\WiFi101-0.8.0\socket\source\socket.c.o
                0x00004a60                gethostbyname
 .text.setsockopt
                0x00004a94       0xf0 C:\Users\Mike\AppData\Local\V.Micro\Arduino\Builds\pool_monitor\arduino-mkr1000_arduino-mkr1000_samd_mkr1000\WiFi101-0.8.0\socket\source\socket.c.o
                0x00004a94                setsockopt
 .text.socketBufferInit
                0x00004b84       0x14 C:\Users\Mike\AppData\Local\V.Micro\Arduino\Builds\pool_monitor\arduino-mkr1000_arduino-mkr1000_samd_mkr1000\WiFi101-0.8.0\socket\source\socket_buffer.c.o
                0x00004b84                socketBufferInit
 .text.socketBufferRegister
                0x00004b98       0x18 C:\Users\Mike\AppData\Local\V.Micro\Arduino\Builds\pool_monitor\arduino-mkr1000_arduino-mkr1000_samd_mkr1000\WiFi101-0.8.0\socket\source\socket_buffer.c.o
                0x00004b98                socketBufferRegister
 .text.socketBufferUnregister
                0x00004bb0       0x18 C:\Users\Mike\AppData\Local\V.Micro\Arduino\Builds\pool_monitor\arduino-mkr1000_arduino-mkr1000_samd_mkr1000\WiFi101-0.8.0\socket\source\socket_buffer.c.o
                0x00004bb0                socketBufferUnregister
 .text.socketBufferCb
                0x00004bc8      0x208 C:\Users\Mike\AppData\Local\V.Micro\Arduino\Builds\pool_monitor\arduino-mkr1000_arduino-mkr1000_samd_mkr1000\WiFi101-0.8.0\socket\source\socket_buffer.c.o
                0x00004bc8                socketBufferCb
 .text.spi_flash_enable
                0x00004dd0       0xd8 C:\Users\Mike\AppData\Local\V.Micro\Arduino\Builds\pool_monitor\arduino-mkr1000_arduino-mkr1000_samd_mkr1000\WiFi101-0.8.0\spi_flash\source\spi_flash.c.o
                0x00004dd0                spi_flash_enable
 .text.RTC_Handler
                0x00004ea8       0x1c C:\Users\Mike\AppData\Local\V.Micro\Arduino\Builds\pool_monitor\arduino-mkr1000_arduino-mkr1000_samd_mkr1000\RTCZero\RTCZero.cpp.o
                0x00004ea8                RTC_Handler
 .text._ZN7RTCZero11enableAlarmENS_11Alarm_MatchE
                0x00004ec4       0x1c C:\Users\Mike\AppData\Local\V.Micro\Arduino\Builds\pool_monitor\arduino-mkr1000_arduino-mkr1000_samd_mkr1000\RTCZero\RTCZero.cpp.o
                0x00004ec4                RTCZero::enableAlarm(RTCZero::Alarm_Match)
 .text._ZN7RTCZero15attachInterruptEPFvvE
                0x00004ee0        0xc C:\Users\Mike\AppData\Local\V.Micro\Arduino\Builds\pool_monitor\arduino-mkr1000_arduino-mkr1000_samd_mkr1000\RTCZero\RTCZero.cpp.o
                0x00004ee0                RTCZero::attachInterrupt(void (*)())
 .text._ZN7RTCZero11standbyModeEv
                0x00004eec       0x14 C:\Users\Mike\AppData\Local\V.Micro\Arduino\Builds\pool_monitor\arduino-mkr1000_arduino-mkr1000_samd_mkr1000\RTCZero\RTCZero.cpp.o
                0x00004eec                RTCZero::standbyMode()
 .text._ZN7RTCZero10setSecondsEh
                0x00004f00       0x1c C:\Users\Mike\AppData\Local\V.Micro\Arduino\Builds\pool_monitor\arduino-mkr1000_arduino-mkr1000_samd_mkr1000\RTCZero\RTCZero.cpp.o
                0x00004f00                RTCZero::setSeconds(unsigned char)
 .text._ZN7RTCZero10setMinutesEh
                0x00004f1c       0x24 C:\Users\Mike\AppData\Local\V.Micro\Arduino\Builds\pool_monitor\arduino-mkr1000_arduino-mkr1000_samd_mkr1000\RTCZero\RTCZero.cpp.o
                0x00004f1c                RTCZero::setMinutes(unsigned char)
 .text._ZN7RTCZero8setHoursEh
                0x00004f40       0x24 C:\Users\Mike\AppData\Local\V.Micro\Arduino\Builds\pool_monitor\arduino-mkr1000_arduino-mkr1000_samd_mkr1000\RTCZero\RTCZero.cpp.o
                0x00004f40                RTCZero::setHours(unsigned char)
 .text._ZN7RTCZero7setTimeEhhh
                0x00004f64       0x20 C:\Users\Mike\AppData\Local\V.Micro\Arduino\Builds\pool_monitor\arduino-mkr1000_arduino-mkr1000_samd_mkr1000\RTCZero\RTCZero.cpp.o
                0x00004f64                RTCZero::setTime(unsigned char, unsigned char, unsigned char)
 .text._ZN7RTCZero6setDayEh
                0x00004f84       0x24 C:\Users\Mike\AppData\Local\V.Micro\Arduino\Builds\pool_monitor\arduino-mkr1000_arduino-mkr1000_samd_mkr1000\RTCZero\RTCZero.cpp.o
                0x00004f84                RTCZero::setDay(unsigned char)
 .text._ZN7RTCZero8setMonthEh
                0x00004fa8       0x24 C:\Users\Mike\AppData\Local\V.Micro\Arduino\Builds\pool_monitor\arduino-mkr1000_arduino-mkr1000_samd_mkr1000\RTCZero\RTCZero.cpp.o
                0x00004fa8                RTCZero::setMonth(unsigned char)
 .text._ZN7RTCZero7setYearEh
                0x00004fcc       0x1c C:\Users\Mike\AppData\Local\V.Micro\Arduino\Builds\pool_monitor\arduino-mkr1000_arduino-mkr1000_samd_mkr1000\RTCZero\RTCZero.cpp.o
                0x00004fcc                RTCZero::setYear(unsigned char)
 .text._ZN7RTCZero7setDateEhhh
                0x00004fe8       0x1e C:\Users\Mike\AppData\Local\V.Micro\Arduino\Builds\pool_monitor\arduino-mkr1000_arduino-mkr1000_samd_mkr1000\RTCZero\RTCZero.cpp.o
                0x00004fe8                RTCZero::setDate(unsigned char, unsigned char, unsigned char)
 *fill*         0x00005006        0x2 
 .text._ZN7RTCZero15setAlarmSecondsEh
                0x00005008       0x1c C:\Users\Mike\AppData\Local\V.Micro\Arduino\Builds\pool_monitor\arduino-mkr1000_arduino-mkr1000_samd_mkr1000\RTCZero\RTCZero.cpp.o
                0x00005008                RTCZero::setAlarmSeconds(unsigned char)
 .text._ZN7RTCZero15setAlarmMinutesEh
                0x00005024       0x24 C:\Users\Mike\AppData\Local\V.Micro\Arduino\Builds\pool_monitor\arduino-mkr1000_arduino-mkr1000_samd_mkr1000\RTCZero\RTCZero.cpp.o
                0x00005024                RTCZero::setAlarmMinutes(unsigned char)
 .text._ZN7RTCZero13setAlarmHoursEh
                0x00005048       0x24 C:\Users\Mike\AppData\Local\V.Micro\Arduino\Builds\pool_monitor\arduino-mkr1000_arduino-mkr1000_samd_mkr1000\RTCZero\RTCZero.cpp.o
                0x00005048                RTCZero::setAlarmHours(unsigned char)
 .text._ZN7RTCZero12setAlarmTimeEhhh
                0x0000506c       0x20 C:\Users\Mike\AppData\Local\V.Micro\Arduino\Builds\pool_monitor\arduino-mkr1000_arduino-mkr1000_samd_mkr1000\RTCZero\RTCZero.cpp.o
                0x0000506c                RTCZero::setAlarmTime(unsigned char, unsigned char, unsigned char)
 .text._ZN7RTCZero10RTCdisableEv
                0x0000508c       0x18 C:\Users\Mike\AppData\Local\V.Micro\Arduino\Builds\pool_monitor\arduino-mkr1000_arduino-mkr1000_samd_mkr1000\RTCZero\RTCZero.cpp.o
                0x0000508c                RTCZero::RTCdisable()
 .text._ZN7RTCZero9RTCenableEv
                0x000050a4       0x18 C:\Users\Mike\AppData\Local\V.Micro\Arduino\Builds\pool_monitor\arduino-mkr1000_arduino-mkr1000_samd_mkr1000\RTCZero\RTCZero.cpp.o
                0x000050a4                RTCZero::RTCenable()
 .text._ZN7RTCZero8RTCresetEv
                0x000050bc       0x18 C:\Users\Mike\AppData\Local\V.Micro\Arduino\Builds\pool_monitor\arduino-mkr1000_arduino-mkr1000_samd_mkr1000\RTCZero\RTCZero.cpp.o
                0x000050bc                RTCZero::RTCreset()
 .text._ZN7RTCZero14RTCresetRemoveEv
                0x000050d4       0x18 C:\Users\Mike\AppData\Local\V.Micro\Arduino\Builds\pool_monitor\arduino-mkr1000_arduino-mkr1000_samd_mkr1000\RTCZero\RTCZero.cpp.o
                0x000050d4                RTCZero::RTCresetRemove()
 .text._ZN7RTCZero5beginEv
                0x000050ec       0xc4 C:\Users\Mike\AppData\Local\V.Micro\Arduino\Builds\pool_monitor\arduino-mkr1000_arduino-mkr1000_samd_mkr1000\RTCZero\RTCZero.cpp.o
                0x000050ec                RTCZero::begin()
 .text._ZN7OneWire5resetEv
                0x000051b0       0x52 C:\Users\Mike\AppData\Local\V.Micro\Arduino\Builds\pool_monitor\arduino-mkr1000_arduino-mkr1000_samd_mkr1000\OneWire-2.3.2\OneWire.cpp.o
                0x000051b0                OneWire::reset()
 .text._ZN7OneWire9write_bitEh
                0x00005202       0x36 C:\Users\Mike\AppData\Local\V.Micro\Arduino\Builds\pool_monitor\arduino-mkr1000_arduino-mkr1000_samd_mkr1000\OneWire-2.3.2\OneWire.cpp.o
                0x00005202                OneWire::write_bit(unsigned char)
 .text._ZN7OneWire8read_bitEv
                0x00005238       0x2e C:\Users\Mike\AppData\Local\V.Micro\Arduino\Builds\pool_monitor\arduino-mkr1000_arduino-mkr1000_samd_mkr1000\OneWire-2.3.2\OneWire.cpp.o
                0x00005238                OneWire::read_bit()
 .text._ZN7OneWire5writeEhh
                0x00005266       0x3c C:\Users\Mike\AppData\Local\V.Micro\Arduino\Builds\pool_monitor\arduino-mkr1000_arduino-mkr1000_samd_mkr1000\OneWire-2.3.2\OneWire.cpp.o
                0x00005266                OneWire::write(unsigned char, unsigned char)
 .text._ZN7OneWire4readEv
                0x000052a2       0x24 C:\Users\Mike\AppData\Local\V.Micro\Arduino\Builds\pool_monitor\arduino-mkr1000_arduino-mkr1000_samd_mkr1000\OneWire-2.3.2\OneWire.cpp.o
                0x000052a2                OneWire::read()
 .text._ZN7OneWire6selectEPKh
                0x000052c6       0x22 C:\Users\Mike\AppData\Local\V.Micro\Arduino\Builds\pool_monitor\arduino-mkr1000_arduino-mkr1000_samd_mkr1000\OneWire-2.3.2\OneWire.cpp.o
                0x000052c6                OneWire::select(unsigned char const*)
 .text._ZN7OneWire12reset_searchEv
                0x000052e8       0x1a C:\Users\Mike\AppData\Local\V.Micro\Arduino\Builds\pool_monitor\arduino-mkr1000_arduino-mkr1000_samd_mkr1000\OneWire-2.3.2\OneWire.cpp.o
                0x000052e8                OneWire::reset_search()
 *fill*         0x00005302        0x2 
 .text._ZN7OneWireC2Eh
                0x00005304       0x3c C:\Users\Mike\AppData\Local\V.Micro\Arduino\Builds\pool_monitor\arduino-mkr1000_arduino-mkr1000_samd_mkr1000\OneWire-2.3.2\OneWire.cpp.o
                0x00005304                OneWire::OneWire(unsigned char)
                0x00005304                OneWire::OneWire(unsigned char)
 .text._ZN7OneWire6searchEPhb
                0x00005340       0xec C:\Users\Mike\AppData\Local\V.Micro\Arduino\Builds\pool_monitor\arduino-mkr1000_arduino-mkr1000_samd_mkr1000\OneWire-2.3.2\OneWire.cpp.o
                0x00005340                OneWire::search(unsigned char*, bool)
 .text._ZN8SPIClass4initEv
                0x0000542c       0x12 C:\Users\Mike\AppData\Local\V.Micro\Arduino\Builds\pool_monitor\arduino-mkr1000_arduino-mkr1000_samd_mkr1000\SPI\SPI.cpp.o
                0x0000542c                SPIClass::init()
 .text._ZN8SPIClass6configE11SPISettings
                0x0000543e       0x36 C:\Users\Mike\AppData\Local\V.Micro\Arduino\Builds\pool_monitor\arduino-mkr1000_arduino-mkr1000_samd_mkr1000\SPI\SPI.cpp.o
                0x0000543e                SPIClass::config(SPISettings)
 .text._ZN8SPIClass5beginEv
                0x00005474       0x50 C:\Users\Mike\AppData\Local\V.Micro\Arduino\Builds\pool_monitor\arduino-mkr1000_arduino-mkr1000_samd_mkr1000\SPI\SPI.cpp.o
                0x00005474                SPIClass::begin()
 .text._ZN8SPIClass3endEv
                0x000054c4       0x10 C:\Users\Mike\AppData\Local\V.Micro\Arduino\Builds\pool_monitor\arduino-mkr1000_arduino-mkr1000_samd_mkr1000\SPI\SPI.cpp.o
                0x000054c4                SPIClass::end()
 .text._ZN8SPIClass16beginTransactionE11SPISettings
                0x000054d4       0x3c C:\Users\Mike\AppData\Local\V.Micro\Arduino\Builds\pool_monitor\arduino-mkr1000_arduino-mkr1000_samd_mkr1000\SPI\SPI.cpp.o
                0x000054d4                SPIClass::beginTransaction(SPISettings)
 .text._ZN8SPIClass14endTransactionEv
                0x00005510       0x28 C:\Users\Mike\AppData\Local\V.Micro\Arduino\Builds\pool_monitor\arduino-mkr1000_arduino-mkr1000_samd_mkr1000\SPI\SPI.cpp.o
                0x00005510                SPIClass::endTransaction()
 .text._ZN8SPIClass8transferEh
                0x00005538       0x14 C:\Users\Mike\AppData\Local\V.Micro\Arduino\Builds\pool_monitor\arduino-mkr1000_arduino-mkr1000_samd_mkr1000\SPI\SPI.cpp.o
                0x00005538                SPIClass::transfer(unsigned char)
 .text.startup._GLOBAL__sub_I__ZN8SPIClassC2EP6SERCOMhhh14SercomSpiTXPad11SercomRXPad
                0x0000554c       0x58 C:\Users\Mike\AppData\Local\V.Micro\Arduino\Builds\pool_monitor\arduino-mkr1000_arduino-mkr1000_samd_mkr1000\SPI\SPI.cpp.o
 .text._ZN7TwoWire5writeEPKhj
                0x000055a4       0x24 C:\Users\Mike\AppData\Local\V.Micro\Arduino\Builds\pool_monitor\arduino-mkr1000_arduino-mkr1000_samd_mkr1000\Wire\Wire.cpp.o
                0x000055a4                TwoWire::write(unsigned char const*, unsigned int)
 .text._ZN7TwoWire5flushEv
                0x000055c8        0x2 C:\Users\Mike\AppData\Local\V.Micro\Arduino\Builds\pool_monitor\arduino-mkr1000_arduino-mkr1000_samd_mkr1000\Wire\Wire.cpp.o
                0x000055c8                TwoWire::flush()
 .text._ZN7TwoWire4readEv
                0x000055ca        0xa C:\Users\Mike\AppData\Local\V.Micro\Arduino\Builds\pool_monitor\arduino-mkr1000_arduino-mkr1000_samd_mkr1000\Wire\Wire.cpp.o
                0x000055ca                TwoWire::read()
 .text._ZN7TwoWire9availableEv
                0x000055d4        0xa C:\Users\Mike\AppData\Local\V.Micro\Arduino\Builds\pool_monitor\arduino-mkr1000_arduino-mkr1000_samd_mkr1000\Wire\Wire.cpp.o
                0x000055d4                TwoWire::available()
 .text._ZN7TwoWire4peekEv
                0x000055de        0xa C:\Users\Mike\AppData\Local\V.Micro\Arduino\Builds\pool_monitor\arduino-mkr1000_arduino-mkr1000_samd_mkr1000\Wire\Wire.cpp.o
                0x000055de                TwoWire::peek()
 .text._ZN7TwoWire5writeEh
                0x000055e8       0x3c C:\Users\Mike\AppData\Local\V.Micro\Arduino\Builds\pool_monitor\arduino-mkr1000_arduino-mkr1000_samd_mkr1000\Wire\Wire.cpp.o
                0x000055e8                TwoWire::write(unsigned char)
 .text._ZN7TwoWireC2EP6SERCOMhh
                0x00005624       0x3c C:\Users\Mike\AppData\Local\V.Micro\Arduino\Builds\pool_monitor\arduino-mkr1000_arduino-mkr1000_samd_mkr1000\Wire\Wire.cpp.o
                0x00005624                TwoWire::TwoWire(SERCOM*, unsigned char, unsigned char)
                0x00005624                TwoWire::TwoWire(SERCOM*, unsigned char, unsigned char)
 .text._ZN7TwoWire9onServiceEv
                0x00005660       0xd8 C:\Users\Mike\AppData\Local\V.Micro\Arduino\Builds\pool_monitor\arduino-mkr1000_arduino-mkr1000_samd_mkr1000\Wire\Wire.cpp.o
                0x00005660                TwoWire::onService()
 .text.SERCOM0_Handler
                0x00005738       0x10 C:\Users\Mike\AppData\Local\V.Micro\Arduino\Builds\pool_monitor\arduino-mkr1000_arduino-mkr1000_samd_mkr1000\Wire\Wire.cpp.o
                0x00005738                SERCOM0_Handler
 .text.startup._GLOBAL__sub_I__ZN7TwoWireC2EP6SERCOMhh
                0x00005748       0x18 C:\Users\Mike\AppData\Local\V.Micro\Arduino\Builds\pool_monitor\arduino-mkr1000_arduino-mkr1000_samd_mkr1000\Wire\Wire.cpp.o
 .text._Z19ADC_Get_Measurementht
                0x00005760       0x28 C:\Users\Mike\AppData\Local\V.Micro\Arduino\Builds\pool_monitor\arduino-mkr1000_arduino-mkr1000_samd_mkr1000\adc.cpp.o
                0x00005760                ADC_Get_Measurement(unsigned char, unsigned short)
 .text.Dummy_Handler
                0x00005788        0x2 C:\Users\Mike\AppData\Local\V.Micro\Arduino\Builds\pool_monitor\arduino-mkr1000_arduino-mkr1000_samd_mkr1000/core.a(cortex_handlers.c.o)
                0x00005788                DMAC_Handler
                0x00005788                HardFault_Handler
                0x00005788                AC_Handler
                0x00005788                PendSV_Handler
                0x00005788                NMI_Handler
                0x00005788                TC7_Handler
                0x00005788                SERCOM1_Handler
                0x00005788                ADC_Handler
                0x00005788                TCC1_Handler
                0x00005788                SERCOM2_Handler
                0x00005788                TCC0_Handler
                0x00005788                TC6_Handler
                0x00005788                WDT_Handler
                0x00005788                TC4_Handler
                0x00005788                TC3_Handler
                0x00005788                Dummy_Handler
                0x00005788                PM_Handler
                0x00005788                SVC_Handler
                0x00005788                TCC2_Handler
                0x00005788                EVSYS_Handler
                0x00005788                SERCOM3_Handler
                0x00005788                SERCOM4_Handler
                0x00005788                I2S_Handler
                0x00005788                NVMCTRL_Handler
                0x00005788                DAC_Handler
                0x00005788                PTC_Handler
                0x00005788                SYSCTRL_Handler
 *fill*         0x0000578a        0x2 
 .text.USB_Handler
                0x0000578c       0x14 C:\Users\Mike\AppData\Local\V.Micro\Arduino\Builds\pool_monitor\arduino-mkr1000_arduino-mkr1000_samd_mkr1000/core.a(cortex_handlers.c.o)
                0x0000578c                USB_Handler
 .text.Reset_Handler
                0x000057a0       0x58 C:\Users\Mike\AppData\Local\V.Micro\Arduino\Builds\pool_monitor\arduino-mkr1000_arduino-mkr1000_samd_mkr1000/core.a(cortex_handlers.c.o)
                0x000057a0                Reset_Handler
 .text.SysTick_Handler
                0x000057f8       0x10 C:\Users\Mike\AppData\Local\V.Micro\Arduino\Builds\pool_monitor\arduino-mkr1000_arduino-mkr1000_samd_mkr1000/core.a(cortex_handlers.c.o)
                0x000057f8                SysTick_Handler
 .text.USB_SetHandler
                0x00005808        0xc C:\Users\Mike\AppData\Local\V.Micro\Arduino\Builds\pool_monitor\arduino-mkr1000_arduino-mkr1000_samd_mkr1000/core.a(cortex_handlers.c.o)
                0x00005808                USB_SetHandler
 .text.millis   0x00005814        0xc C:\Users\Mike\AppData\Local\V.Micro\Arduino\Builds\pool_monitor\arduino-mkr1000_arduino-mkr1000_samd_mkr1000/core.a(delay.c.o)
                0x00005814                millis
 .text.delay    0x00005820       0x20 C:\Users\Mike\AppData\Local\V.Micro\Arduino\Builds\pool_monitor\arduino-mkr1000_arduino-mkr1000_samd_mkr1000/core.a(delay.c.o)
                0x00005820                delay
 .text.SysTick_DefaultHandler
                0x00005840       0x14 C:\Users\Mike\AppData\Local\V.Micro\Arduino\Builds\pool_monitor\arduino-mkr1000_arduino-mkr1000_samd_mkr1000/core.a(delay.c.o)
                0x00005840                SysTick_DefaultHandler
 .text.__empty  0x00005854        0x2 C:\Users\Mike\AppData\Local\V.Micro\Arduino\Builds\pool_monitor\arduino-mkr1000_arduino-mkr1000_samd_mkr1000/core.a(hooks.c.o)
                0x00005854                yield
 .text.__false  0x00005856        0x4 C:\Users\Mike\AppData\Local\V.Micro\Arduino\Builds\pool_monitor\arduino-mkr1000_arduino-mkr1000_samd_mkr1000/core.a(hooks.c.o)
                0x00005856                sysTickHook
 *fill*         0x0000585a        0x2 
 .text.SystemInit
                0x0000585c      0x16c C:\Users\Mike\AppData\Local\V.Micro\Arduino\Builds\pool_monitor\arduino-mkr1000_arduino-mkr1000_samd_mkr1000/core.a(startup.c.o)
                0x0000585c                SystemInit
 .text.attachInterrupt
                0x000059c8      0x108 C:\Users\Mike\AppData\Local\V.Micro\Arduino\Builds\pool_monitor\arduino-mkr1000_arduino-mkr1000_samd_mkr1000/core.a(WInterrupts.c.o)
                0x000059c8                attachInterrupt
 .text.detachInterrupt
                0x00005ad0       0x30 C:\Users\Mike\AppData\Local\V.Micro\Arduino\Builds\pool_monitor\arduino-mkr1000_arduino-mkr1000_samd_mkr1000/core.a(WInterrupts.c.o)
                0x00005ad0                detachInterrupt
 .text.EIC_Handler
                0x00005b00       0x30 C:\Users\Mike\AppData\Local\V.Micro\Arduino\Builds\pool_monitor\arduino-mkr1000_arduino-mkr1000_samd_mkr1000/core.a(WInterrupts.c.o)
                0x00005b00                EIC_Handler
 .text.init     0x00005b30       0xe4 C:\Users\Mike\AppData\Local\V.Micro\Arduino\Builds\pool_monitor\arduino-mkr1000_arduino-mkr1000_samd_mkr1000/core.a(wiring.c.o)
                0x00005b30                init
 .text.mapResolution
                0x00005c14       0x12 C:\Users\Mike\AppData\Local\V.Micro\Arduino\Builds\pool_monitor\arduino-mkr1000_arduino-mkr1000_samd_mkr1000/core.a(wiring_analog.c.o)
 *fill*         0x00005c26        0x2 
 .text.analogReadResolution
                0x00005c28       0x4c C:\Users\Mike\AppData\Local\V.Micro\Arduino\Builds\pool_monitor\arduino-mkr1000_arduino-mkr1000_samd_mkr1000/core.a(wiring_analog.c.o)
                0x00005c28                analogReadResolution
 .text.analogReference
                0x00005c74       0x5c C:\Users\Mike\AppData\Local\V.Micro\Arduino\Builds\pool_monitor\arduino-mkr1000_arduino-mkr1000_samd_mkr1000/core.a(wiring_analog.c.o)
                0x00005c74                analogReference
 .text.analogRead
                0x00005cd0       0xd8 C:\Users\Mike\AppData\Local\V.Micro\Arduino\Builds\pool_monitor\arduino-mkr1000_arduino-mkr1000_samd_mkr1000/core.a(wiring_analog.c.o)
                0x00005cd0                analogRead
 .text.pinMode  0x00005da8       0xb8 C:\Users\Mike\AppData\Local\V.Micro\Arduino\Builds\pool_monitor\arduino-mkr1000_arduino-mkr1000_samd_mkr1000/core.a(wiring_digital.c.o)
                0x00005da8                pinMode
 .text.digitalWrite
                0x00005e60       0x44 C:\Users\Mike\AppData\Local\V.Micro\Arduino\Builds\pool_monitor\arduino-mkr1000_arduino-mkr1000_samd_mkr1000/core.a(wiring_digital.c.o)
                0x00005e60                digitalWrite
 .text.pinPeripheral
                0x00005ea4       0xc4 C:\Users\Mike\AppData\Local\V.Micro\Arduino\Builds\pool_monitor\arduino-mkr1000_arduino-mkr1000_samd_mkr1000/core.a(wiring_private.c.o)
                0x00005ea4                pinPeripheral
 .text._ZNK9IPAddress7printToER5Print
                0x00005f68       0x3c C:\Users\Mike\AppData\Local\V.Micro\Arduino\Builds\pool_monitor\arduino-mkr1000_arduino-mkr1000_samd_mkr1000/core.a(IPAddress.cpp.o)
                0x00005f68                IPAddress::printTo(Print&) const
 .text._ZN9IPAddressC2Ev
                0x00005fa4       0x10 C:\Users\Mike\AppData\Local\V.Micro\Arduino\Builds\pool_monitor\arduino-mkr1000_arduino-mkr1000_samd_mkr1000/core.a(IPAddress.cpp.o)
                0x00005fa4                IPAddress::IPAddress()
                0x00005fa4                IPAddress::IPAddress()
 .text._ZN9IPAddressC2Ehhhh
                0x00005fb4       0x1c C:\Users\Mike\AppData\Local\V.Micro\Arduino\Builds\pool_monitor\arduino-mkr1000_arduino-mkr1000_samd_mkr1000/core.a(IPAddress.cpp.o)
                0x00005fb4                IPAddress::IPAddress(unsigned char, unsigned char, unsigned char, unsigned char)
                0x00005fb4                IPAddress::IPAddress(unsigned char, unsigned char, unsigned char, unsigned char)
 .text._ZN9IPAddressC2Em
                0x00005fd0       0x10 C:\Users\Mike\AppData\Local\V.Micro\Arduino\Builds\pool_monitor\arduino-mkr1000_arduino-mkr1000_samd_mkr1000/core.a(IPAddress.cpp.o)
                0x00005fd0                IPAddress::IPAddress(unsigned long)
                0x00005fd0                IPAddress::IPAddress(unsigned long)
 .text._ZN9IPAddress10fromStringEPKc
                0x00005fe0       0x4c C:\Users\Mike\AppData\Local\V.Micro\Arduino\Builds\pool_monitor\arduino-mkr1000_arduino-mkr1000_samd_mkr1000/core.a(IPAddress.cpp.o)
                0x00005fe0                IPAddress::fromString(char const*)
 .text._ZN9IPAddressaSEm
                0x0000602c        0x4 C:\Users\Mike\AppData\Local\V.Micro\Arduino\Builds\pool_monitor\arduino-mkr1000_arduino-mkr1000_samd_mkr1000/core.a(IPAddress.cpp.o)
                0x0000602c                IPAddress::operator=(unsigned long)
 .text.startup._GLOBAL__sub_I__ZN9IPAddressC2Ev
                0x00006030       0x1c C:\Users\Mike\AppData\Local\V.Micro\Arduino\Builds\pool_monitor\arduino-mkr1000_arduino-mkr1000_samd_mkr1000/core.a(IPAddress.cpp.o)
 .text._Z11initVariantv
                0x0000604c        0x2 C:\Users\Mike\AppData\Local\V.Micro\Arduino\Builds\pool_monitor\arduino-mkr1000_arduino-mkr1000_samd_mkr1000/core.a(main.cpp.o)
                0x0000604c                initVariant()
 *fill*         0x0000604e        0x2 
 .text.startup.main
                0x00006050       0x3c C:\Users\Mike\AppData\Local\V.Micro\Arduino\Builds\pool_monitor\arduino-mkr1000_arduino-mkr1000_samd_mkr1000/core.a(main.cpp.o)
                0x00006050                main
 .text._ZN5Print5writeEPKhj
                0x0000608c       0x28 C:\Users\Mike\AppData\Local\V.Micro\Arduino\Builds\pool_monitor\arduino-mkr1000_arduino-mkr1000_samd_mkr1000/core.a(Print.cpp.o)
                0x0000608c                Print::write(unsigned char const*, unsigned int)
 .text._ZN5Print5printEPKc
                0x000060b4        0x8 C:\Users\Mike\AppData\Local\V.Micro\Arduino\Builds\pool_monitor\arduino-mkr1000_arduino-mkr1000_samd_mkr1000/core.a(Print.cpp.o)
                0x000060b4                Print::print(char const*)
 .text._ZN5Print5printEc
                0x000060bc        0xa C:\Users\Mike\AppData\Local\V.Micro\Arduino\Builds\pool_monitor\arduino-mkr1000_arduino-mkr1000_samd_mkr1000/core.a(Print.cpp.o)
                0x000060bc                Print::print(char)
 .text._ZN5Print5printERK9Printable
                0x000060c6       0x10 C:\Users\Mike\AppData\Local\V.Micro\Arduino\Builds\pool_monitor\arduino-mkr1000_arduino-mkr1000_samd_mkr1000/core.a(Print.cpp.o)
                0x000060c6                Print::print(Printable const&)
 *fill*         0x000060d6        0x2 
 .text._ZN5Print7printlnEv
                0x000060d8       0x10 C:\Users\Mike\AppData\Local\V.Micro\Arduino\Builds\pool_monitor\arduino-mkr1000_arduino-mkr1000_samd_mkr1000/core.a(Print.cpp.o)
                0x000060d8                Print::println()
 .text._ZN5Print7printlnEPKc
                0x000060e8       0x14 C:\Users\Mike\AppData\Local\V.Micro\Arduino\Builds\pool_monitor\arduino-mkr1000_arduino-mkr1000_samd_mkr1000/core.a(Print.cpp.o)
                0x000060e8                Print::println(char const*)
 .text._ZN5Print7printlnERK9Printable
                0x000060fc       0x14 C:\Users\Mike\AppData\Local\V.Micro\Arduino\Builds\pool_monitor\arduino-mkr1000_arduino-mkr1000_samd_mkr1000/core.a(Print.cpp.o)
                0x000060fc                Print::println(Printable const&)
 .text._ZN5Print11printNumberEmh
                0x00006110       0x4e C:\Users\Mike\AppData\Local\V.Micro\Arduino\Builds\pool_monitor\arduino-mkr1000_arduino-mkr1000_samd_mkr1000/core.a(Print.cpp.o)
                0x00006110                Print::printNumber(unsigned long, unsigned char)
 .text._ZN5Print5printEli
                0x0000615e       0x3c C:\Users\Mike\AppData\Local\V.Micro\Arduino\Builds\pool_monitor\arduino-mkr1000_arduino-mkr1000_samd_mkr1000/core.a(Print.cpp.o)
                0x0000615e                Print::print(long, int)
 .text._ZN5Print7printlnEli
                0x0000619a       0x14 C:\Users\Mike\AppData\Local\V.Micro\Arduino\Builds\pool_monitor\arduino-mkr1000_arduino-mkr1000_samd_mkr1000/core.a(Print.cpp.o)
                0x0000619a                Print::println(long, int)
 .text._ZN5Print5printEmi
                0x000061ae       0x18 C:\Users\Mike\AppData\Local\V.Micro\Arduino\Builds\pool_monitor\arduino-mkr1000_arduino-mkr1000_samd_mkr1000/core.a(Print.cpp.o)
                0x000061ae                Print::print(unsigned long, int)
 .text._ZN5Print5printEhi
                0x000061c6        0x8 C:\Users\Mike\AppData\Local\V.Micro\Arduino\Builds\pool_monitor\arduino-mkr1000_arduino-mkr1000_samd_mkr1000/core.a(Print.cpp.o)
                0x000061c6                Print::print(unsigned char, int)
 .text._ZN5Print7printlnEhi
                0x000061ce       0x14 C:\Users\Mike\AppData\Local\V.Micro\Arduino\Builds\pool_monitor\arduino-mkr1000_arduino-mkr1000_samd_mkr1000/core.a(Print.cpp.o)
                0x000061ce                Print::println(unsigned char, int)
 *fill*         0x000061e2        0x2 
 .text.initiateReset
                0x000061e4        0xc C:\Users\Mike\AppData\Local\V.Micro\Arduino\Builds\pool_monitor\arduino-mkr1000_arduino-mkr1000_samd_mkr1000/core.a(Reset.cpp.o)
                0x000061e4                initiateReset
 .text.cancelReset
                0x000061f0       0x10 C:\Users\Mike\AppData\Local\V.Micro\Arduino\Builds\pool_monitor\arduino-mkr1000_arduino-mkr1000_samd_mkr1000/core.a(Reset.cpp.o)
                0x000061f0                cancelReset
 .text.tickReset
                0x00006200       0x5c C:\Users\Mike\AppData\Local\V.Micro\Arduino\Builds\pool_monitor\arduino-mkr1000_arduino-mkr1000_samd_mkr1000/core.a(Reset.cpp.o)
                0x00006200                tickReset
 .text._ZN10RingBufferC2Ev
                0x0000625c       0x16 C:\Users\Mike\AppData\Local\V.Micro\Arduino\Builds\pool_monitor\arduino-mkr1000_arduino-mkr1000_samd_mkr1000/core.a(RingBuffer.cpp.o)
                0x0000625c                RingBuffer::RingBuffer()
                0x0000625c                RingBuffer::RingBuffer()
 .text._ZN10RingBuffer10store_charEh
                0x00006272       0x16 C:\Users\Mike\AppData\Local\V.Micro\Arduino\Builds\pool_monitor\arduino-mkr1000_arduino-mkr1000_samd_mkr1000/core.a(RingBuffer.cpp.o)
                0x00006272                RingBuffer::store_char(unsigned char)
 .text._ZN10RingBuffer5clearEv
                0x00006288        0x8 C:\Users\Mike\AppData\Local\V.Micro\Arduino\Builds\pool_monitor\arduino-mkr1000_arduino-mkr1000_samd_mkr1000/core.a(RingBuffer.cpp.o)
                0x00006288                RingBuffer::clear()
 .text._ZN10RingBuffer9read_charEv
                0x00006290       0x1c C:\Users\Mike\AppData\Local\V.Micro\Arduino\Builds\pool_monitor\arduino-mkr1000_arduino-mkr1000_samd_mkr1000/core.a(RingBuffer.cpp.o)
                0x00006290                RingBuffer::read_char()
 .text._ZN10RingBuffer9availableEv
                0x000062ac        0xc C:\Users\Mike\AppData\Local\V.Micro\Arduino\Builds\pool_monitor\arduino-mkr1000_arduino-mkr1000_samd_mkr1000/core.a(RingBuffer.cpp.o)
                0x000062ac                RingBuffer::available()
 .text._ZN10RingBuffer4peekEv
                0x000062b8       0x12 C:\Users\Mike\AppData\Local\V.Micro\Arduino\Builds\pool_monitor\arduino-mkr1000_arduino-mkr1000_samd_mkr1000/core.a(RingBuffer.cpp.o)
                0x000062b8                RingBuffer::peek()
 .text._ZN10RingBuffer6isFullEv
                0x000062ca       0x14 C:\Users\Mike\AppData\Local\V.Micro\Arduino\Builds\pool_monitor\arduino-mkr1000_arduino-mkr1000_samd_mkr1000/core.a(RingBuffer.cpp.o)
                0x000062ca                RingBuffer::isFull()
 .text._ZN6SERCOMC2EP6Sercom
                0x000062de        0x4 C:\Users\Mike\AppData\Local\V.Micro\Arduino\Builds\pool_monitor\arduino-mkr1000_arduino-mkr1000_samd_mkr1000/core.a(SERCOM.cpp.o)
                0x000062de                SERCOM::SERCOM(Sercom*)
                0x000062de                SERCOM::SERCOM(Sercom*)
 .text._ZN6SERCOM9initFrameE18SercomUartCharSize15SercomDataOrder16SercomParityMode19SercomNumberStopBit
                0x000062e2       0x38 C:\Users\Mike\AppData\Local\V.Micro\Arduino\Builds\pool_monitor\arduino-mkr1000_arduino-mkr1000_samd_mkr1000/core.a(SERCOM.cpp.o)
                0x000062e2                SERCOM::initFrame(SercomUartCharSize, SercomDataOrder, SercomParityMode, SercomNumberStopBit)
 .text._ZN6SERCOM8initPadsE15SercomUartTXPad11SercomRXPad
                0x0000631a       0x26 C:\Users\Mike\AppData\Local\V.Micro\Arduino\Builds\pool_monitor\arduino-mkr1000_arduino-mkr1000_samd_mkr1000/core.a(SERCOM.cpp.o)
                0x0000631a                SERCOM::initPads(SercomUartTXPad, SercomRXPad)
 .text._ZN6SERCOM9resetUARTEv
                0x00006340       0x1c C:\Users\Mike\AppData\Local\V.Micro\Arduino\Builds\pool_monitor\arduino-mkr1000_arduino-mkr1000_samd_mkr1000/core.a(SERCOM.cpp.o)
                0x00006340                SERCOM::resetUART()
 .text._ZN6SERCOM10enableUARTEv
                0x0000635c       0x14 C:\Users\Mike\AppData\Local\V.Micro\Arduino\Builds\pool_monitor\arduino-mkr1000_arduino-mkr1000_samd_mkr1000/core.a(SERCOM.cpp.o)
                0x0000635c                SERCOM::enableUART()
 .text._ZN6SERCOM9flushUARTEv
                0x00006370        0xa C:\Users\Mike\AppData\Local\V.Micro\Arduino\Builds\pool_monitor\arduino-mkr1000_arduino-mkr1000_samd_mkr1000/core.a(SERCOM.cpp.o)
                0x00006370                SERCOM::flushUART()
 .text._ZN6SERCOM15clearStatusUARTEv
                0x0000637a        0x8 C:\Users\Mike\AppData\Local\V.Micro\Arduino\Builds\pool_monitor\arduino-mkr1000_arduino-mkr1000_samd_mkr1000/core.a(SERCOM.cpp.o)
                0x0000637a                SERCOM::clearStatusUART()
 .text._ZN6SERCOM17availableDataUARTEv
                0x00006382        0xa C:\Users\Mike\AppData\Local\V.Micro\Arduino\Builds\pool_monitor\arduino-mkr1000_arduino-mkr1000_samd_mkr1000/core.a(SERCOM.cpp.o)
                0x00006382                SERCOM::availableDataUART()
 .text._ZN6SERCOM11isUARTErrorEv
                0x0000638c        0x8 C:\Users\Mike\AppData\Local\V.Micro\Arduino\Builds\pool_monitor\arduino-mkr1000_arduino-mkr1000_samd_mkr1000/core.a(SERCOM.cpp.o)
                0x0000638c                SERCOM::isUARTError()
 .text._ZN6SERCOM20acknowledgeUARTErrorEv
                0x00006394        0xe C:\Users\Mike\AppData\Local\V.Micro\Arduino\Builds\pool_monitor\arduino-mkr1000_arduino-mkr1000_samd_mkr1000/core.a(SERCOM.cpp.o)
                0x00006394                SERCOM::acknowledgeUARTError()
 .text._ZN6SERCOM12readDataUARTEv
                0x000063a2        0x8 C:\Users\Mike\AppData\Local\V.Micro\Arduino\Builds\pool_monitor\arduino-mkr1000_arduino-mkr1000_samd_mkr1000/core.a(SERCOM.cpp.o)
                0x000063a2                SERCOM::readDataUART()
 .text._ZN6SERCOM13writeDataUARTEh
                0x000063aa        0xe C:\Users\Mike\AppData\Local\V.Micro\Arduino\Builds\pool_monitor\arduino-mkr1000_arduino-mkr1000_samd_mkr1000/core.a(SERCOM.cpp.o)
                0x000063aa                SERCOM::writeDataUART(unsigned char)
 .text._ZN6SERCOM12initSPIClockE18SercomSpiClockModem
                0x000063b8       0x30 C:\Users\Mike\AppData\Local\V.Micro\Arduino\Builds\pool_monitor\arduino-mkr1000_arduino-mkr1000_samd_mkr1000/core.a(SERCOM.cpp.o)
                0x000063b8                SERCOM::initSPIClock(SercomSpiClockMode, unsigned long)
 .text._ZN6SERCOM8resetSPIEv
                0x000063e8       0x1c C:\Users\Mike\AppData\Local\V.Micro\Arduino\Builds\pool_monitor\arduino-mkr1000_arduino-mkr1000_samd_mkr1000/core.a(SERCOM.cpp.o)
                0x000063e8                SERCOM::resetSPI()
 .text._ZN6SERCOM9enableSPIEv
                0x00006404       0x14 C:\Users\Mike\AppData\Local\V.Micro\Arduino\Builds\pool_monitor\arduino-mkr1000_arduino-mkr1000_samd_mkr1000/core.a(SERCOM.cpp.o)
                0x00006404                SERCOM::enableSPI()
 .text._ZN6SERCOM10disableSPIEv
                0x00006418       0x14 C:\Users\Mike\AppData\Local\V.Micro\Arduino\Builds\pool_monitor\arduino-mkr1000_arduino-mkr1000_samd_mkr1000/core.a(SERCOM.cpp.o)
                0x00006418                SERCOM::disableSPI()
 .text._ZN6SERCOM12writeDataSPIEh
                0x0000642c       0x26 C:\Users\Mike\AppData\Local\V.Micro\Arduino\Builds\pool_monitor\arduino-mkr1000_arduino-mkr1000_samd_mkr1000/core.a(SERCOM.cpp.o)
                0x0000642c                SERCOM::writeDataSPI(unsigned char)
 .text._ZN6SERCOM11readDataSPIEv
                0x00006452       0x1a C:\Users\Mike\AppData\Local\V.Micro\Arduino\Builds\pool_monitor\arduino-mkr1000_arduino-mkr1000_samd_mkr1000/core.a(SERCOM.cpp.o)
                0x00006452                SERCOM::readDataSPI()
 .text._ZN6SERCOM18prepareNackBitWIREEv
                0x0000646c       0x10 C:\Users\Mike\AppData\Local\V.Micro\Arduino\Builds\pool_monitor\arduino-mkr1000_arduino-mkr1000_samd_mkr1000/core.a(SERCOM.cpp.o)
                0x0000646c                SERCOM::prepareNackBitWIRE()
 .text._ZN6SERCOM17prepareAckBitWIREEv
                0x0000647c       0x14 C:\Users\Mike\AppData\Local\V.Micro\Arduino\Builds\pool_monitor\arduino-mkr1000_arduino-mkr1000_samd_mkr1000/core.a(SERCOM.cpp.o)
                0x0000647c                SERCOM::prepareAckBitWIRE()
 .text._ZN6SERCOM22prepareCommandBitsWireEh
                0x00006490       0x2c C:\Users\Mike\AppData\Local\V.Micro\Arduino\Builds\pool_monitor\arduino-mkr1000_arduino-mkr1000_samd_mkr1000/core.a(SERCOM.cpp.o)
                0x00006490                SERCOM::prepareCommandBitsWire(unsigned char)
 .text._ZN6SERCOM17sendDataSlaveWIREEh
                0x000064bc       0x18 C:\Users\Mike\AppData\Local\V.Micro\Arduino\Builds\pool_monitor\arduino-mkr1000_arduino-mkr1000_samd_mkr1000/core.a(SERCOM.cpp.o)
                0x000064bc                SERCOM::sendDataSlaveWIRE(unsigned char)
 .text._ZN6SERCOM12isMasterWIREEv
                0x000064d4       0x12 C:\Users\Mike\AppData\Local\V.Micro\Arduino\Builds\pool_monitor\arduino-mkr1000_arduino-mkr1000_samd_mkr1000/core.a(SERCOM.cpp.o)
                0x000064d4                SERCOM::isMasterWIRE()
 .text._ZN6SERCOM11isSlaveWIREEv
                0x000064e6       0x12 C:\Users\Mike\AppData\Local\V.Micro\Arduino\Builds\pool_monitor\arduino-mkr1000_arduino-mkr1000_samd_mkr1000/core.a(SERCOM.cpp.o)
                0x000064e6                SERCOM::isSlaveWIRE()
 .text._ZN6SERCOM15isDataReadyWIREEv
                0x000064f8        0xa C:\Users\Mike\AppData\Local\V.Micro\Arduino\Builds\pool_monitor\arduino-mkr1000_arduino-mkr1000_samd_mkr1000/core.a(SERCOM.cpp.o)
                0x000064f8                SERCOM::isDataReadyWIRE()
 .text._ZN6SERCOM18isStopDetectedWIREEv
                0x00006502        0xa C:\Users\Mike\AppData\Local\V.Micro\Arduino\Builds\pool_monitor\arduino-mkr1000_arduino-mkr1000_samd_mkr1000/core.a(SERCOM.cpp.o)
                0x00006502                SERCOM::isStopDetectedWIRE()
 .text._ZN6SERCOM21isRestartDetectedWIREEv
                0x0000650c        0xa C:\Users\Mike\AppData\Local\V.Micro\Arduino\Builds\pool_monitor\arduino-mkr1000_arduino-mkr1000_samd_mkr1000/core.a(SERCOM.cpp.o)
                0x0000650c                SERCOM::isRestartDetectedWIRE()
 .text._ZN6SERCOM14isAddressMatchEv
                0x00006516        0xa C:\Users\Mike\AppData\Local\V.Micro\Arduino\Builds\pool_monitor\arduino-mkr1000_arduino-mkr1000_samd_mkr1000/core.a(SERCOM.cpp.o)
                0x00006516                SERCOM::isAddressMatch()
 .text._ZN6SERCOM25isMasterReadOperationWIREEv
                0x00006520        0xa C:\Users\Mike\AppData\Local\V.Micro\Arduino\Builds\pool_monitor\arduino-mkr1000_arduino-mkr1000_samd_mkr1000/core.a(SERCOM.cpp.o)
                0x00006520                SERCOM::isMasterReadOperationWIRE()
 .text._ZN6SERCOM12readDataWIREEv
                0x0000652a       0x1a C:\Users\Mike\AppData\Local\V.Micro\Arduino\Builds\pool_monitor\arduino-mkr1000_arduino-mkr1000_samd_mkr1000/core.a(SERCOM.cpp.o)
                0x0000652a                SERCOM::readDataWIRE()
 .text._ZN6SERCOM13initClockNVICEv
                0x00006544       0xac C:\Users\Mike\AppData\Local\V.Micro\Arduino\Builds\pool_monitor\arduino-mkr1000_arduino-mkr1000_samd_mkr1000/core.a(SERCOM.cpp.o)
                0x00006544                SERCOM::initClockNVIC()
 .text._ZN6SERCOM8initUARTE14SercomUartMode20SercomUartSampleRatem
                0x000065f0       0x6c C:\Users\Mike\AppData\Local\V.Micro\Arduino\Builds\pool_monitor\arduino-mkr1000_arduino-mkr1000_samd_mkr1000/core.a(SERCOM.cpp.o)
                0x000065f0                SERCOM::initUART(SercomUartMode, SercomUartSampleRate, unsigned long)
 .text._ZN6SERCOM7initSPIE14SercomSpiTXPad11SercomRXPad17SercomSpiCharSize15SercomDataOrder
                0x0000665c       0x48 C:\Users\Mike\AppData\Local\V.Micro\Arduino\Builds\pool_monitor\arduino-mkr1000_arduino-mkr1000_samd_mkr1000/core.a(SERCOM.cpp.o)
                0x0000665c                SERCOM::initSPI(SercomSpiTXPad, SercomRXPad, SercomSpiCharSize, SercomDataOrder)
 .text._ZN7Serial_4peekEv
                0x000066a4       0x2c C:\Users\Mike\AppData\Local\V.Micro\Arduino\Builds\pool_monitor\arduino-mkr1000_arduino-mkr1000_samd_mkr1000/core.a(CDC.cpp.o)
                0x000066a4                Serial_::peek()
 .text._ZN7Serial_5writeEh
                0x000066d0       0x14 C:\Users\Mike\AppData\Local\V.Micro\Arduino\Builds\pool_monitor\arduino-mkr1000_arduino-mkr1000_samd_mkr1000/core.a(CDC.cpp.o)
                0x000066d0                Serial_::write(unsigned char)
 .text._ZN7Serial_6acceptEv
                0x000066e4       0x68 C:\Users\Mike\AppData\Local\V.Micro\Arduino\Builds\pool_monitor\arduino-mkr1000_arduino-mkr1000_samd_mkr1000/core.a(CDC.cpp.o)
                0x000066e4                Serial_::accept()
 .text._ZN7Serial_4readEv
                0x0000674c       0x68 C:\Users\Mike\AppData\Local\V.Micro\Arduino\Builds\pool_monitor\arduino-mkr1000_arduino-mkr1000_samd_mkr1000/core.a(CDC.cpp.o)
                0x0000674c                Serial_::read()
 .text._ZN7Serial_5flushEv
                0x000067b4        0xc C:\Users\Mike\AppData\Local\V.Micro\Arduino\Builds\pool_monitor\arduino-mkr1000_arduino-mkr1000_samd_mkr1000/core.a(CDC.cpp.o)
                0x000067b4                Serial_::flush()
 .text._ZN7Serial_9availableEv
                0x000067c0       0x3c C:\Users\Mike\AppData\Local\V.Micro\Arduino\Builds\pool_monitor\arduino-mkr1000_arduino-mkr1000_samd_mkr1000/core.a(CDC.cpp.o)
                0x000067c0                Serial_::available()
 .text._ZN7Serial_5writeEPKhj
                0x000067fc       0x2c C:\Users\Mike\AppData\Local\V.Micro\Arduino\Builds\pool_monitor\arduino-mkr1000_arduino-mkr1000_samd_mkr1000/core.a(CDC.cpp.o)
                0x000067fc                Serial_::write(unsigned char const*, unsigned int)
 .text._Z16CDC_GetInterfacePh
                0x00006828       0x1c C:\Users\Mike\AppData\Local\V.Micro\Arduino\Builds\pool_monitor\arduino-mkr1000_arduino-mkr1000_samd_mkr1000/core.a(CDC.cpp.o)
                0x00006828                CDC_GetInterface(unsigned char*)
 .text._Z9CDC_SetupR8USBSetup
                0x00006844       0x80 C:\Users\Mike\AppData\Local\V.Micro\Arduino\Builds\pool_monitor\arduino-mkr1000_arduino-mkr1000_samd_mkr1000/core.a(CDC.cpp.o)
                0x00006844                CDC_Setup(USBSetup&)
 .text.startup._GLOBAL__sub_I_cdc_rx_buffer
                0x000068c4       0x24 C:\Users\Mike\AppData\Local\V.Micro\Arduino\Builds\pool_monitor\arduino-mkr1000_arduino-mkr1000_samd_mkr1000/core.a(CDC.cpp.o)
 .text._ZN14USBDeviceClass6initEPEmm.part.1
                0x000068e8       0x80 C:\Users\Mike\AppData\Local\V.Micro\Arduino\Builds\pool_monitor\arduino-mkr1000_arduino-mkr1000_samd_mkr1000/core.a(USBCore.cpp.o)
 .text._ZN20USBDevice_SAMD21G18x5resetEv
                0x00006968       0x28 C:\Users\Mike\AppData\Local\V.Micro\Arduino\Builds\pool_monitor\arduino-mkr1000_arduino-mkr1000_samd_mkr1000/core.a(USBCore.cpp.o)
                0x00006968                USBDevice_SAMD21G18x::reset()
 .text._ZN20USBDevice_SAMD21G18x9calibrateEv
                0x00006990       0x5c C:\Users\Mike\AppData\Local\V.Micro\Arduino\Builds\pool_monitor\arduino-mkr1000_arduino-mkr1000_samd_mkr1000/core.a(USBCore.cpp.o)
                0x00006990                USBDevice_SAMD21G18x::calibrate()
 .text._ZN14USBDeviceClass14SendInterfacesEPm
                0x000069ec       0x2c C:\Users\Mike\AppData\Local\V.Micro\Arduino\Builds\pool_monitor\arduino-mkr1000_arduino-mkr1000_samd_mkr1000/core.a(USBCore.cpp.o)
                0x000069ec                USBDeviceClass::SendInterfaces(unsigned long*)
 .text._ZN14USBDeviceClass4initEv
                0x00006a18       0xc0 C:\Users\Mike\AppData\Local\V.Micro\Arduino\Builds\pool_monitor\arduino-mkr1000_arduino-mkr1000_samd_mkr1000/core.a(USBCore.cpp.o)
                0x00006a18                USBDeviceClass::init()
 .text._ZN14USBDeviceClass6attachEv
                0x00006ad8       0x34 C:\Users\Mike\AppData\Local\V.Micro\Arduino\Builds\pool_monitor\arduino-mkr1000_arduino-mkr1000_samd_mkr1000/core.a(USBCore.cpp.o)
                0x00006ad8                USBDeviceClass::attach()
 .text._ZN14USBDeviceClass10setAddressEm
                0x00006b0c       0x48 C:\Users\Mike\AppData\Local\V.Micro\Arduino\Builds\pool_monitor\arduino-mkr1000_arduino-mkr1000_samd_mkr1000/core.a(USBCore.cpp.o)
                0x00006b0c                USBDeviceClass::setAddress(unsigned long)
 .text._ZN14USBDeviceClass25handleClassInterfaceSetupER8USBSetup
                0x00006b54       0x40 C:\Users\Mike\AppData\Local\V.Micro\Arduino\Builds\pool_monitor\arduino-mkr1000_arduino-mkr1000_samd_mkr1000/core.a(USBCore.cpp.o)
                0x00006b54                USBDeviceClass::handleClassInterfaceSetup(USBSetup&)
 .text._ZN14USBDeviceClass6initEPEmm
                0x00006b94       0xe4 C:\Users\Mike\AppData\Local\V.Micro\Arduino\Builds\pool_monitor\arduino-mkr1000_arduino-mkr1000_samd_mkr1000/core.a(USBCore.cpp.o)
                0x00006b94                USBDeviceClass::initEP(unsigned long, unsigned long)
 .text._ZN14USBDeviceClass13initEndpointsEv
                0x00006c78       0x24 C:\Users\Mike\AppData\Local\V.Micro\Arduino\Builds\pool_monitor\arduino-mkr1000_arduino-mkr1000_samd_mkr1000/core.a(USBCore.cpp.o)
                0x00006c78                USBDeviceClass::initEndpoints()
 .text._ZN14USBDeviceClass5flushEm
                0x00006c9c       0x2c C:\Users\Mike\AppData\Local\V.Micro\Arduino\Builds\pool_monitor\arduino-mkr1000_arduino-mkr1000_samd_mkr1000/core.a(USBCore.cpp.o)
                0x00006c9c                USBDeviceClass::flush(unsigned long)
 .text._ZN14USBDeviceClass9availableEm
                0x00006cc8       0x14 C:\Users\Mike\AppData\Local\V.Micro\Arduino\Builds\pool_monitor\arduino-mkr1000_arduino-mkr1000_samd_mkr1000/core.a(USBCore.cpp.o)
                0x00006cc8                USBDeviceClass::available(unsigned long)
 .text._ZN14USBDeviceClass14armRecvCtrlOUTEm
                0x00006cdc       0x60 C:\Users\Mike\AppData\Local\V.Micro\Arduino\Builds\pool_monitor\arduino-mkr1000_arduino-mkr1000_samd_mkr1000/core.a(USBCore.cpp.o)
                0x00006cdc                USBDeviceClass::armRecvCtrlOUT(unsigned long)
 .text._ZN14USBDeviceClass11recvControlEPvm
                0x00006d3c       0x3c C:\Users\Mike\AppData\Local\V.Micro\Arduino\Builds\pool_monitor\arduino-mkr1000_arduino-mkr1000_samd_mkr1000/core.a(USBCore.cpp.o)
                0x00006d3c                USBDeviceClass::recvControl(void*, unsigned long)
 .text._ZN14USBDeviceClass7armRecvEm
                0x00006d78       0x3c C:\Users\Mike\AppData\Local\V.Micro\Arduino\Builds\pool_monitor\arduino-mkr1000_arduino-mkr1000_samd_mkr1000/core.a(USBCore.cpp.o)
                0x00006d78                USBDeviceClass::armRecv(unsigned long)
 .text._ZN14USBDeviceClass4recvEmPvm
                0x00006db4       0x90 C:\Users\Mike\AppData\Local\V.Micro\Arduino\Builds\pool_monitor\arduino-mkr1000_arduino-mkr1000_samd_mkr1000/core.a(USBCore.cpp.o)
                0x00006db4                USBDeviceClass::recv(unsigned long, void*, unsigned long)
 .text._ZN14USBDeviceClass4sendEmPKvm
                0x00006e44       0xa0 C:\Users\Mike\AppData\Local\V.Micro\Arduino\Builds\pool_monitor\arduino-mkr1000_arduino-mkr1000_samd_mkr1000/core.a(USBCore.cpp.o)
                0x00006e44                USBDeviceClass::send(unsigned long, void const*, unsigned long)
 .text._ZN14USBDeviceClass7armSendEmPKvm
                0x00006ee4       0x48 C:\Users\Mike\AppData\Local\V.Micro\Arduino\Builds\pool_monitor\arduino-mkr1000_arduino-mkr1000_samd_mkr1000/core.a(USBCore.cpp.o)
                0x00006ee4                USBDeviceClass::armSend(unsigned long, void const*, unsigned long)
 .text._ZN14USBDeviceClass11sendControlEPKvm
                0x00006f2c       0x58 C:\Users\Mike\AppData\Local\V.Micro\Arduino\Builds\pool_monitor\arduino-mkr1000_arduino-mkr1000_samd_mkr1000/core.a(USBCore.cpp.o)
                0x00006f2c                USBDeviceClass::sendControl(void const*, unsigned long)
 .text._ZN14USBDeviceClass20sendStringDescriptorEPKhh
                0x00006f84       0x58 C:\Users\Mike\AppData\Local\V.Micro\Arduino\Builds\pool_monitor\arduino-mkr1000_arduino-mkr1000_samd_mkr1000/core.a(USBCore.cpp.o)
                0x00006f84                USBDeviceClass::sendStringDescriptor(unsigned char const*, unsigned char)
 .text._ZN14USBDeviceClass12packMessagesEb.part.3
                0x00006fdc       0x20 C:\Users\Mike\AppData\Local\V.Micro\Arduino\Builds\pool_monitor\arduino-mkr1000_arduino-mkr1000_samd_mkr1000/core.a(USBCore.cpp.o)
 .text._ZN14USBDeviceClass17sendConfigurationEm
                0x00006ffc       0x90 C:\Users\Mike\AppData\Local\V.Micro\Arduino\Builds\pool_monitor\arduino-mkr1000_arduino-mkr1000_samd_mkr1000/core.a(USBCore.cpp.o)
                0x00006ffc                USBDeviceClass::sendConfiguration(unsigned long)
 .text._ZN14USBDeviceClass14sendDescriptorER8USBSetup
                0x0000708c       0xb4 C:\Users\Mike\AppData\Local\V.Micro\Arduino\Builds\pool_monitor\arduino-mkr1000_arduino-mkr1000_samd_mkr1000/core.a(USBCore.cpp.o)
                0x0000708c                USBDeviceClass::sendDescriptor(USBSetup&)
 .text._ZN14USBDeviceClass19handleStandardSetupER8USBSetup
                0x00007140      0x11c C:\Users\Mike\AppData\Local\V.Micro\Arduino\Builds\pool_monitor\arduino-mkr1000_arduino-mkr1000_samd_mkr1000/core.a(USBCore.cpp.o)
                0x00007140                USBDeviceClass::handleStandardSetup(USBSetup&)
 .text.startup._GLOBAL__sub_I__ZN20USBDevice_SAMD21G18x5resetEv
                0x0000725c       0x10 C:\Users\Mike\AppData\Local\V.Micro\Arduino\Builds\pool_monitor\arduino-mkr1000_arduino-mkr1000_samd_mkr1000/core.a(USBCore.cpp.o)
 .text._ZN14USBDeviceClass14handleEndpointEh
                0x0000726c       0x5c C:\Users\Mike\AppData\Local\V.Micro\Arduino\Builds\pool_monitor\arduino-mkr1000_arduino-mkr1000_samd_mkr1000/core.a(USBCore.cpp.o)
                0x0000726c                USBDeviceClass::handleEndpoint(unsigned char)
 .text._ZN14USBDeviceClass10ISRHandlerEv
                0x000072c8       0xf8 C:\Users\Mike\AppData\Local\V.Micro\Arduino\Builds\pool_monitor\arduino-mkr1000_arduino-mkr1000_samd_mkr1000/core.a(USBCore.cpp.o)
                0x000072c8                USBDeviceClass::ISRHandler()
 .text.UDD_Handler
                0x000073c0       0x10 C:\Users\Mike\AppData\Local\V.Micro\Arduino\Builds\pool_monitor\arduino-mkr1000_arduino-mkr1000_samd_mkr1000/core.a(USBCore.cpp.o)
                0x000073c0                UDD_Handler
 .text.SERCOM5_Handler
                0x000073d0       0x10 C:\Users\Mike\AppData\Local\V.Micro\Arduino\Builds\pool_monitor\arduino-mkr1000_arduino-mkr1000_samd_mkr1000/core.a(variant.cpp.o)
                0x000073d0                SERCOM5_Handler
 .text.startup._GLOBAL__sub_I_g_APinDescription
                0x000073e0       0x80 C:\Users\Mike\AppData\Local\V.Micro\Arduino\Builds\pool_monitor\arduino-mkr1000_arduino-mkr1000_samd_mkr1000/core.a(variant.cpp.o)
 .text._ZN4UartcvbEv
                0x00007460        0x4 C:\Users\Mike\AppData\Local\V.Micro\Arduino\Builds\pool_monitor\arduino-mkr1000_arduino-mkr1000_samd_mkr1000/core.a(Uart.cpp.o)
                0x00007460                Uart::operator bool()
 .text._ZN4Uart5beginEm
                0x00007464        0xc C:\Users\Mike\AppData\Local\V.Micro\Arduino\Builds\pool_monitor\arduino-mkr1000_arduino-mkr1000_samd_mkr1000/core.a(Uart.cpp.o)
                0x00007464                Uart::begin(unsigned long)
 .text._ZN4Uart3endEv
                0x00007470       0x14 C:\Users\Mike\AppData\Local\V.Micro\Arduino\Builds\pool_monitor\arduino-mkr1000_arduino-mkr1000_samd_mkr1000/core.a(Uart.cpp.o)
                0x00007470                Uart::end()
 .text._ZN4Uart5flushEv
                0x00007484        0xa C:\Users\Mike\AppData\Local\V.Micro\Arduino\Builds\pool_monitor\arduino-mkr1000_arduino-mkr1000_samd_mkr1000/core.a(Uart.cpp.o)
                0x00007484                Uart::flush()
 .text._ZN4Uart9availableEv
                0x0000748e        0xa C:\Users\Mike\AppData\Local\V.Micro\Arduino\Builds\pool_monitor\arduino-mkr1000_arduino-mkr1000_samd_mkr1000/core.a(Uart.cpp.o)
                0x0000748e                Uart::available()
 .text._ZN4Uart4peekEv
                0x00007498        0xa C:\Users\Mike\AppData\Local\V.Micro\Arduino\Builds\pool_monitor\arduino-mkr1000_arduino-mkr1000_samd_mkr1000/core.a(Uart.cpp.o)
                0x00007498                Uart::peek()
 .text._ZN4Uart4readEv
                0x000074a2        0xa C:\Users\Mike\AppData\Local\V.Micro\Arduino\Builds\pool_monitor\arduino-mkr1000_arduino-mkr1000_samd_mkr1000/core.a(Uart.cpp.o)
                0x000074a2                Uart::read()
 .text._ZN4Uart5writeEh
                0x000074ac        0xc C:\Users\Mike\AppData\Local\V.Micro\Arduino\Builds\pool_monitor\arduino-mkr1000_arduino-mkr1000_samd_mkr1000/core.a(Uart.cpp.o)
                0x000074ac                Uart::write(unsigned char)
 .text._ZN4UartC2EP6SERCOMhh11SercomRXPad15SercomUartTXPad
                0x000074b8       0x48 C:\Users\Mike\AppData\Local\V.Micro\Arduino\Builds\pool_monitor\arduino-mkr1000_arduino-mkr1000_samd_mkr1000/core.a(Uart.cpp.o)
                0x000074b8                Uart::Uart(SERCOM*, unsigned char, unsigned char, SercomRXPad, SercomUartTXPad)
                0x000074b8                Uart::Uart(SERCOM*, unsigned char, unsigned char, SercomRXPad, SercomUartTXPad)
 .text._ZN4Uart10IrqHandlerEv
                0x00007500       0x36 C:\Users\Mike\AppData\Local\V.Micro\Arduino\Builds\pool_monitor\arduino-mkr1000_arduino-mkr1000_samd_mkr1000/core.a(Uart.cpp.o)
                0x00007500                Uart::IrqHandler()
 .text._ZN4Uart16extractNbStopBitEt
                0x00007536        0xe C:\Users\Mike\AppData\Local\V.Micro\Arduino\Builds\pool_monitor\arduino-mkr1000_arduino-mkr1000_samd_mkr1000/core.a(Uart.cpp.o)
                0x00007536                Uart::extractNbStopBit(unsigned short)
 .text._ZN4Uart15extractCharSizeEt
                0x00007544       0x2c C:\Users\Mike\AppData\Local\V.Micro\Arduino\Builds\pool_monitor\arduino-mkr1000_arduino-mkr1000_samd_mkr1000/core.a(Uart.cpp.o)
                0x00007544                Uart::extractCharSize(unsigned short)
 .text._ZN4Uart13extractParityEt